#
# There is insufficient memory for the Java Runtime Environment to continue.
# Native memory allocation (malloc) failed to allocate 424352 bytes. Error detail: Chunk::new
# Possible reasons:
#   The system is out of physical RAM or swap space
#   This process is running with CompressedOops enabled, and the Java Heap may be blocking the growth of the native heap
# Possible solutions:
#   Reduce memory load on the system
#   Increase physical memory or swap space
#   Check if swap backing store is full
#   Decrease Java heap size (-Xmx/-Xms)
#   Decrease number of Java threads
#   Decrease Java thread stack sizes (-Xss)
#   Set larger code cache with -XX:ReservedCodeCacheSize=
#   JVM is running with Unscaled Compressed Oops mode in which the Java heap is
#     placed in the first 4GB address space. The Java Heap base address is the
#     maximum limit for the native heap growth. Please use -XX:HeapBaseMinAddress
#     to set the Java Heap base and to place the Java Heap above 4GB virtual address.
# This output file may be truncated or incomplete.
#
#  Out of Memory Error (arena.cpp:168), pid=37468, tid=37628
#
# JRE version: OpenJDK Runtime Environment Temurin-21.0.12.1+1 (21.0.12.1+1) (build 21.0.12.1+1-LTS)
# Java VM: OpenJDK 64-Bit Server VM Temurin-21.0.12.1+1 (21.0.12.1+1-LTS, mixed mode, sharing, tiered, compressed oops, compressed class ptrs, g1 gc, windows-amd64)
# No core dump will be written. Minidumps are not enabled by default on client versions of Windows
#

---------------  S U M M A R Y ------------

Command Line: -XX:MaxMetaspaceSize=512m -XX:+HeapDumpOnOutOfMemoryError --add-opens=java.base/java.util=ALL-UNNAMED --add-opens=java.base/java.lang=ALL-UNNAMED --add-opens=java.base/java.lang.invoke=ALL-UNNAMED --add-opens=java.prefs/java.util.prefs=ALL-UNNAMED --add-exports=jdk.compiler/com.sun.tools.javac.api=ALL-UNNAMED --add-exports=jdk.compiler/com.sun.tools.javac.util=ALL-UNNAMED --add-opens=java.base/java.nio.charset=ALL-UNNAMED --add-opens=java.base/java.net=ALL-UNNAMED --add-opens=java.base/java.util.concurrent.atomic=ALL-UNNAMED -Xmx2048m -Dfile.encoding=UTF-8 -Duser.country=IN -Duser.language=en -Duser.variant -javaagent:C:\Users\Fintern\.gradle\wrapper\dists\gradle-8.9-bin\90cnw93cvbtalezasaz0blq0a\gradle-8.9\lib\agents\gradle-instrumentation-agent-8.9.jar org.gradle.launcher.daemon.bootstrap.GradleDaemon 8.9

Host: 11th Gen Intel(R) Core(TM) i7-1185G7 @ 3.00GHz, 8 cores, 15G,  Windows 11 , 64 bit Build 26100 (10.0.26100.9444)
Time: Tue Sep 29 06:21:42 2026 India Standard Time elapsed time: 362.247658 seconds (0d 0h 6m 2s)

---------------  T H R E A D  ---------------

Current thread (0x0000022bcb08a880):  JavaThread "C2 CompilerThread0" daemon [_thread_in_native, id=37628, stack(0x000000eced600000,0x000000eced700000) (1024K)]


Current CompileTask:
C2:362247 4820   !   4       java.lang.String::<init> (880 bytes)

Stack: [0x000000eced600000,0x000000eced700000]
Native frames: (J=compiled Java code, j=interpreted, Vv=VM code, C=native code)
V  [jvm.dll+0x6d83e9]
V  [jvm.dll+0x8b5736]
V  [jvm.dll+0x8b7cee]
V  [jvm.dll+0x8b83d3]
V  [jvm.dll+0x284596]
V  [jvm.dll+0xc685d]
V  [jvm.dll+0xc6da1]
V  [jvm.dll+0x3bf18b]
V  [jvm.dll+0x38b6d2]
V  [jvm.dll+0x38ab1a]
V  [jvm.dll+0x24c700]
V  [jvm.dll+0x24bce0]
V  [jvm.dll+0x1cb4ae]
V  [jvm.dll+0x25baad]
V  [jvm.dll+0x25a03a]
V  [jvm.dll+0x3f8aae]
V  [jvm.dll+0x8600cd]
V  [jvm.dll+0x6d6c1d]
C  [ucrtbase.dll+0x2cd30]
C  [KERNEL32.DLL+0x2cd87]
C  [ntdll.dll+0xacaec]


---------------  P R O C E S S  ---------------

Threads class SMR info:
_java_thread_list=0x0000022bd1da7270, length=35, elements={
0x0000022b9848cb00, 0x0000022bafb18750, 0x0000022bafb19fd0, 0x0000022bafb1fd60,
0x0000022bafb20b70, 0x0000022bafb24c30, 0x0000022bafb252a0, 0x0000022bcb08a880,
0x0000022bafb2aff0, 0x0000022bcb26a3f0, 0x0000022bcb287450, 0x0000022bd0d519f0,
0x0000022bd0f64060, 0x0000022bcb3e90b0, 0x0000022bd0f19620, 0x0000022bcb33bfa0,
0x0000022bd03bf440, 0x0000022bcb106070, 0x0000022bcb3369f0, 0x0000022bcb318a90,
0x0000022bd0224c80, 0x0000022bd0226030, 0x0000022bd0226d50, 0x0000022bd02273e0,
0x0000022bd02259a0, 0x0000022bd0228100, 0x0000022bd0225310, 0x0000022bd2d2ac00,
0x0000022bd2d2ccd0, 0x0000022bd2d2b920, 0x0000022bd2d2bfb0, 0x0000022bd2d2a570,
0x0000022bd2d2c640, 0x0000022bd2d2e710, 0x0000022bd2d2d360
}

Java Threads: ( => current thread )
  0x0000022b9848cb00 JavaThread "main"                              [_thread_blocked, id=37568, stack(0x000000ecec800000,0x000000ecec900000) (1024K)]
  0x0000022bafb18750 JavaThread "Reference Handler"          daemon [_thread_blocked, id=37604, stack(0x000000eced000000,0x000000eced100000) (1024K)]
  0x0000022bafb19fd0 JavaThread "Finalizer"                  daemon [_thread_blocked, id=37608, stack(0x000000eced100000,0x000000eced200000) (1024K)]
  0x0000022bafb1fd60 JavaThread "Signal Dispatcher"          daemon [_thread_blocked, id=37612, stack(0x000000eced200000,0x000000eced300000) (1024K)]
  0x0000022bafb20b70 JavaThread "Attach Listener"            daemon [_thread_blocked, id=37616, stack(0x000000eced300000,0x000000eced400000) (1024K)]
  0x0000022bafb24c30 JavaThread "Service Thread"             daemon [_thread_blocked, id=37620, stack(0x000000eced400000,0x000000eced500000) (1024K)]
  0x0000022bafb252a0 JavaThread "Monitor Deflation Thread"   daemon [_thread_blocked, id=37624, stack(0x000000eced500000,0x000000eced600000) (1024K)]
=>0x0000022bcb08a880 JavaThread "C2 CompilerThread0"         daemon [_thread_in_native, id=37628, stack(0x000000eced600000,0x000000eced700000) (1024K)]
  0x0000022bafb2aff0 JavaThread "C1 CompilerThread0"         daemon [_thread_blocked, id=37632, stack(0x000000eced700000,0x000000eced800000) (1024K)]
  0x0000022bcb26a3f0 JavaThread "Common-Cleaner"             daemon [_thread_blocked, id=37644, stack(0x000000eced800000,0x000000eced900000) (1024K)]
  0x0000022bcb287450 JavaThread "Notification Thread"        daemon [_thread_blocked, id=37648, stack(0x000000eced900000,0x000000eceda00000) (1024K)]
  0x0000022bd0d519f0 JavaThread "Daemon health stats"               [_thread_blocked, id=9412, stack(0x000000ecede00000,0x000000ecedf00000) (1024K)]
  0x0000022bd0f64060 JavaThread "Incoming local TCP Connector on port 64489"        [_thread_in_native, id=36368, stack(0x000000ecedf00000,0x000000ecee000000) (1024K)]
  0x0000022bcb3e90b0 JavaThread "Daemon periodic checks"            [_thread_blocked, id=37432, stack(0x000000ecee000000,0x000000ecee100000) (1024K)]
  0x0000022bd0f19620 JavaThread "Daemon"                            [_thread_blocked, id=37320, stack(0x000000ecee100000,0x000000ecee200000) (1024K)]
  0x0000022bcb33bfa0 JavaThread "Handler for socket connection from /127.0.0.1:64489 to /127.0.0.1:64490"        [_thread_in_native, id=37316, stack(0x000000ecee200000,0x000000ecee300000) (1024K)]
  0x0000022bd03bf440 JavaThread "Cancel handler"                    [_thread_blocked, id=37308, stack(0x000000ecee300000,0x000000ecee400000) (1024K)]
  0x0000022bcb106070 JavaThread "Daemon worker"                     [_thread_in_Java, id=37076, stack(0x000000ecee500000,0x000000ecee600000) (1024K)]
  0x0000022bcb3369f0 JavaThread "Asynchronous log dispatcher for DefaultDaemonConnection: socket connection from /127.0.0.1:64489 to /127.0.0.1:64490"        [_thread_blocked, id=3252, stack(0x000000ecee600000,0x000000ecee700000) (1024K)]
  0x0000022bcb318a90 JavaThread "Stdin handler"                     [_thread_blocked, id=7304, stack(0x000000ecee700000,0x000000ecee800000) (1024K)]
  0x0000022bd0224c80 JavaThread "Daemon client event forwarder"        [_thread_blocked, id=22864, stack(0x000000ecee800000,0x000000ecee900000) (1024K)]
  0x0000022bd0226030 JavaThread "Cache worker for journal cache (C:\Users\Fintern\.gradle\caches\journal-1)"        [_thread_blocked, id=34016, stack(0x000000eceeb00000,0x000000eceec00000) (1024K)]
  0x0000022bd0226d50 JavaThread "File lock request listener"        [_thread_in_native, id=26804, stack(0x000000eceec00000,0x000000eceed00000) (1024K)]
  0x0000022bd02273e0 JavaThread "Cache worker for file hash cache (C:\Users\Fintern\.gradle\caches\8.9\fileHashes)"        [_thread_blocked, id=30204, stack(0x000000eceee00000,0x000000eceef00000) (1024K)]
  0x0000022bd02259a0 JavaThread "Cache worker for file hash cache (D:\Projects\ResumeProjects\Level_2_2_Job-portal-full-stack\mobile_frontend_CLI\node_modules\react-native-gesture-handler\android\.gradle\8.9\fileHashes)"        [_thread_blocked, id=30764, stack(0x000000ecef000000,0x000000ecef100000) (1024K)]
  0x0000022bd0228100 JavaThread "Cache worker for Build Output Cleanup Cache (D:\Projects\ResumeProjects\Level_2_2_Job-portal-full-stack\mobile_frontend_CLI\node_modules\react-native-gesture-handler\android\.gradle\buildOutputCleanup)"        [_thread_blocked, id=7320, stack(0x000000ecef100000,0x000000ecef200000) (1024K)]
  0x0000022bd0225310 JavaThread "File watcher server"        daemon [_thread_in_native, id=13588, stack(0x000000ecef200000,0x000000ecef300000) (1024K)]
  0x0000022bd2d2ac00 JavaThread "File watcher consumer"      daemon [_thread_blocked, id=24704, stack(0x000000ecef300000,0x000000ecef400000) (1024K)]
  0x0000022bd2d2ccd0 JavaThread "Cache worker for checksums cache (D:\Projects\ResumeProjects\Level_2_2_Job-portal-full-stack\mobile_frontend_CLI\node_modules\react-native-gesture-handler\android\.gradle\8.9\checksums)"        [_thread_blocked, id=4604, stack(0x000000ecef400000,0x000000ecef500000) (1024K)]
  0x0000022bd2d2b920 JavaThread "Cache worker for file content cache (C:\Users\Fintern\.gradle\caches\8.9\fileContent)"        [_thread_blocked, id=23108, stack(0x000000ecec700000,0x000000ecec800000) (1024K)]
  0x0000022bd2d2bfb0 JavaThread "Cache worker for cache directory md-rule (C:\Users\Fintern\.gradle\caches\8.9\md-rule)"        [_thread_blocked, id=36332, stack(0x000000ecef500000,0x000000ecef600000) (1024K)]
  0x0000022bd2d2a570 JavaThread "Cache worker for cache directory md-supplier (C:\Users\Fintern\.gradle\caches\8.9\md-supplier)"        [_thread_blocked, id=3992, stack(0x000000ecef600000,0x000000ecef700000) (1024K)]
  0x0000022bd2d2c640 JavaThread "File lock release action executor Thread 2"        [_thread_blocked, id=10816, stack(0x000000ecec500000,0x000000ecec600000) (1024K)]
  0x0000022bd2d2e710 JavaThread "jar transforms"                    [_thread_blocked, id=13164, stack(0x000000ecec600000,0x000000ecec700000) (1024K)]
  0x0000022bd2d2d360 JavaThread "jar transforms Thread 2"           [_thread_blocked, id=29396, stack(0x000000ecef800000,0x000000ecef900000) (1024K)]
Total: 35

Other Threads:
  0x0000022bafafbf40 VMThread "VM Thread"                           [id=37600, stack(0x000000ececf00000,0x000000eced000000) (1024K)]
  0x0000022bcb0817b0 WatcherThread "VM Periodic Task Thread"        [id=37596, stack(0x000000ecece00000,0x000000ececf00000) (1024K)]
  0x0000022b984e7f10 WorkerThread "GC Thread#0"                     [id=37576, stack(0x000000ecec900000,0x000000ececa00000) (1024K)]
  0x0000022bcb3be430 WorkerThread "GC Thread#1"                     [id=37748, stack(0x000000eceda00000,0x000000ecedb00000) (1024K)]
  0x0000022bcb754e50 WorkerThread "GC Thread#2"                     [id=37752, stack(0x000000ecedb00000,0x000000ecedc00000) (1024K)]
  0x0000022bcbbcaba0 WorkerThread "GC Thread#3"                     [id=37756, stack(0x000000ecedc00000,0x000000ecedd00000) (1024K)]
  0x0000022bcb6016a0 WorkerThread "GC Thread#4"                     [id=37760, stack(0x000000ecedd00000,0x000000ecede00000) (1024K)]
  0x0000022bcb405b40 WorkerThread "GC Thread#5"                     [id=35580, stack(0x000000ecee400000,0x000000ecee500000) (1024K)]
  0x0000022bcb4048d0 WorkerThread "GC Thread#6"                     [id=20500, stack(0x000000ecee900000,0x000000eceea00000) (1024K)]
  0x0000022bcb404c80 WorkerThread "GC Thread#7"                     [id=3580, stack(0x000000eceea00000,0x000000eceeb00000) (1024K)]
  0x0000022b984f9c90 ConcurrentGCThread "G1 Main Marker"            [id=37580, stack(0x000000ececa00000,0x000000ececb00000) (1024K)]
  0x0000022b984fb6c0 WorkerThread "G1 Conc#0"                       [id=37584, stack(0x000000ececb00000,0x000000ececc00000) (1024K)]
  0x0000022bd2580550 WorkerThread "G1 Conc#1"                       [id=3668, stack(0x000000eceef00000,0x000000ecef000000) (1024K)]
  0x0000022bafa3b5e0 ConcurrentGCThread "G1 Refine#0"               [id=37588, stack(0x000000ececc00000,0x000000ececd00000) (1024K)]
  0x0000022bafa3bf70 ConcurrentGCThread "G1 Service"                [id=37592, stack(0x000000ececd00000,0x000000ecece00000) (1024K)]
Total: 15

Threads with active compile tasks:
C2 CompilerThread0  362298 4820   !   4       java.lang.String::<init> (880 bytes)
Total: 1

VM state: not at safepoint (normal execution)

VM Mutex/Monitor currently owned by a thread: None

Heap address: 0x0000000080000000, size: 2048 MB, Compressed Oops mode: 32-bit

CDS archive(s) mapped at: [0x0000022bb0000000-0x0000022bb0ba0000-0x0000022bb0ba0000), size 12189696, SharedBaseAddress: 0x0000022bb0000000, ArchiveRelocationMode: 1.
Compressed class space mapped at: 0x0000022bb1000000-0x0000022bcb000000, reserved size: 436207616
Narrow klass base: 0x0000022bb0000000, Narrow klass shift: 0, Narrow klass range: 0x100000000

GC Precious Log:
 CardTable entry size: 512
 Card Set container configuration: InlinePtr #cards 5 size 8 Array Of Cards #cards 12 size 40 Howl #buckets 4 coarsen threshold 1843 Howl Bitmap #cards 512 size 80 coarsen threshold 460 Card regions per heap region 1 cards per card region 2048
 CPUs: 8 total, 8 available
 Memory: 15765M
 Large Page Support: Disabled
 NUMA Support: Disabled
 Compressed Oops: Enabled (32-bit)
 Heap Region Size: 1M
 Heap Min Capacity: 8M
 Heap Initial Capacity: 248M
 Heap Max Capacity: 2G
 Pre-touch: Disabled
 Parallel Workers: 8
 Concurrent Workers: 2
 Concurrent Refinement Workers: 8
 Periodic GC: Disabled

Heap:
 garbage-first heap   total 105472K, used 53239K [0x0000000080000000, 0x0000000100000000)
  region size 1024K, 27 young (27648K), 4 survivors (4096K)
 Metaspace       used 35911K, committed 37184K, reserved 491520K
  class space    used 5248K, committed 5888K, reserved 425984K

Heap Regions: E=young(eden), S=young(survivor), O=old, HS=humongous(starts), HC=humongous(continues), CS=collection set, F=free, TAMS=top-at-mark-start, PB=parsable bottom
|   0|0x0000000080000000, 0x0000000080100000, 0x0000000080100000|100%|HS|  |TAMS 0x0000000080000000| PB 0x0000000080000000| Complete 
|   1|0x0000000080100000, 0x0000000080200000, 0x0000000080200000|100%|HC|  |TAMS 0x0000000080100000| PB 0x0000000080100000| Complete 
|   2|0x0000000080200000, 0x0000000080300000, 0x0000000080300000|100%|HC|  |TAMS 0x0000000080200000| PB 0x0000000080200000| Complete 
|   3|0x0000000080300000, 0x0000000080400000, 0x0000000080400000|100%|HC|  |TAMS 0x0000000080300000| PB 0x0000000080300000| Complete 
|   4|0x0000000080400000, 0x0000000080500000, 0x0000000080500000|100%| O|  |TAMS 0x0000000080400000| PB 0x0000000080400000| Untracked 
|   5|0x0000000080500000, 0x0000000080600000, 0x0000000080600000|100%| O|Cm|TAMS 0x0000000080500000| PB 0x0000000080500000| Complete 
|   6|0x0000000080600000, 0x0000000080700000, 0x0000000080700000|100%| O|  |TAMS 0x0000000080600000| PB 0x0000000080600000| Untracked 
|   7|0x0000000080700000, 0x0000000080800000, 0x0000000080800000|100%| O|  |TAMS 0x0000000080700000| PB 0x0000000080700000| Untracked 
|   8|0x0000000080800000, 0x0000000080900000, 0x0000000080900000|100%| O|  |TAMS 0x0000000080800000| PB 0x0000000080800000| Untracked 
|   9|0x0000000080900000, 0x0000000080a00000, 0x0000000080a00000|100%| O|  |TAMS 0x0000000080900000| PB 0x0000000080900000| Untracked 
|  10|0x0000000080a00000, 0x0000000080b00000, 0x0000000080b00000|100%| O|  |TAMS 0x0000000080a00000| PB 0x0000000080a00000| Untracked 
|  11|0x0000000080b00000, 0x0000000080c00000, 0x0000000080c00000|100%|HS|  |TAMS 0x0000000080b00000| PB 0x0000000080b00000| Complete 
|  12|0x0000000080c00000, 0x0000000080d00000, 0x0000000080d00000|100%| O|  |TAMS 0x0000000080c00000| PB 0x0000000080c00000| Untracked 
|  13|0x0000000080d00000, 0x0000000080e00000, 0x0000000080e00000|100%| O|  |TAMS 0x0000000080d00000| PB 0x0000000080d00000| Untracked 
|  14|0x0000000080e00000, 0x0000000080f00000, 0x0000000080f00000|100%| O|  |TAMS 0x0000000080e00000| PB 0x0000000080e00000| Untracked 
|  15|0x0000000080f00000, 0x0000000081000000, 0x0000000081000000|100%| O|  |TAMS 0x0000000080f00000| PB 0x0000000080f00000| Untracked 
|  16|0x0000000081000000, 0x0000000081100000, 0x0000000081100000|100%| O|  |TAMS 0x0000000081000000| PB 0x0000000081000000| Untracked 
|  17|0x0000000081100000, 0x0000000081200000, 0x0000000081200000|100%| O|  |TAMS 0x0000000081100000| PB 0x0000000081100000| Untracked 
|  18|0x0000000081200000, 0x0000000081296f80, 0x0000000081300000| 58%| O|  |TAMS 0x0000000081200000| PB 0x0000000081200000| Untracked 
|  19|0x0000000081300000, 0x0000000081300000, 0x0000000081400000|  0%| F|  |TAMS 0x0000000081300000| PB 0x0000000081300000| Untracked 
|  20|0x0000000081400000, 0x0000000081400000, 0x0000000081500000|  0%| F|  |TAMS 0x0000000081400000| PB 0x0000000081400000| Untracked 
|  21|0x0000000081500000, 0x0000000081500000, 0x0000000081600000|  0%| F|  |TAMS 0x0000000081500000| PB 0x0000000081500000| Untracked 
|  22|0x0000000081600000, 0x0000000081600000, 0x0000000081700000|  0%| F|  |TAMS 0x0000000081600000| PB 0x0000000081600000| Untracked 
|  23|0x0000000081700000, 0x0000000081700000, 0x0000000081800000|  0%| F|  |TAMS 0x0000000081700000| PB 0x0000000081700000| Untracked 
|  24|0x0000000081800000, 0x0000000081800000, 0x0000000081900000|  0%| F|  |TAMS 0x0000000081800000| PB 0x0000000081800000| Untracked 
|  25|0x0000000081900000, 0x0000000081900000, 0x0000000081a00000|  0%| F|  |TAMS 0x0000000081900000| PB 0x0000000081900000| Untracked 
|  26|0x0000000081a00000, 0x0000000081a00000, 0x0000000081b00000|  0%| F|  |TAMS 0x0000000081a00000| PB 0x0000000081a00000| Untracked 
|  27|0x0000000081b00000, 0x0000000081b00000, 0x0000000081c00000|  0%| F|  |TAMS 0x0000000081b00000| PB 0x0000000081b00000| Untracked 
|  28|0x0000000081c00000, 0x0000000081c00000, 0x0000000081d00000|  0%| F|  |TAMS 0x0000000081c00000| PB 0x0000000081c00000| Untracked 
|  29|0x0000000081d00000, 0x0000000081d00000, 0x0000000081e00000|  0%| F|  |TAMS 0x0000000081d00000| PB 0x0000000081d00000| Untracked 
|  30|0x0000000081e00000, 0x0000000081e00000, 0x0000000081f00000|  0%| F|  |TAMS 0x0000000081e00000| PB 0x0000000081e00000| Untracked 
|  31|0x0000000081f00000, 0x0000000081f00000, 0x0000000082000000|  0%| F|  |TAMS 0x0000000081f00000| PB 0x0000000081f00000| Untracked 
|  32|0x0000000082000000, 0x0000000082000000, 0x0000000082100000|  0%| F|  |TAMS 0x0000000082000000| PB 0x0000000082000000| Untracked 
|  33|0x0000000082100000, 0x0000000082100000, 0x0000000082200000|  0%| F|  |TAMS 0x0000000082100000| PB 0x0000000082100000| Untracked 
|  34|0x0000000082200000, 0x0000000082200000, 0x0000000082300000|  0%| F|  |TAMS 0x0000000082200000| PB 0x0000000082200000| Untracked 
|  35|0x0000000082300000, 0x0000000082300000, 0x0000000082400000|  0%| F|  |TAMS 0x0000000082300000| PB 0x0000000082300000| Untracked 
|  36|0x0000000082400000, 0x0000000082400000, 0x0000000082500000|  0%| F|  |TAMS 0x0000000082400000| PB 0x0000000082400000| Untracked 
|  37|0x0000000082500000, 0x0000000082500000, 0x0000000082600000|  0%| F|  |TAMS 0x0000000082500000| PB 0x0000000082500000| Untracked 
|  38|0x0000000082600000, 0x0000000082600000, 0x0000000082700000|  0%| F|  |TAMS 0x0000000082600000| PB 0x0000000082600000| Untracked 
|  39|0x0000000082700000, 0x0000000082700000, 0x0000000082800000|  0%| F|  |TAMS 0x0000000082700000| PB 0x0000000082700000| Untracked 
|  40|0x0000000082800000, 0x0000000082800000, 0x0000000082900000|  0%| F|  |TAMS 0x0000000082800000| PB 0x0000000082800000| Untracked 
|  41|0x0000000082900000, 0x0000000082900000, 0x0000000082a00000|  0%| F|  |TAMS 0x0000000082900000| PB 0x0000000082900000| Untracked 
|  42|0x0000000082a00000, 0x0000000082a00000, 0x0000000082b00000|  0%| F|  |TAMS 0x0000000082a00000| PB 0x0000000082a00000| Untracked 
|  43|0x0000000082b00000, 0x0000000082b00000, 0x0000000082c00000|  0%| F|  |TAMS 0x0000000082b00000| PB 0x0000000082b00000| Untracked 
|  44|0x0000000082c00000, 0x0000000082c00000, 0x0000000082d00000|  0%| F|  |TAMS 0x0000000082c00000| PB 0x0000000082c00000| Untracked 
|  45|0x0000000082d00000, 0x0000000082d00000, 0x0000000082e00000|  0%| F|  |TAMS 0x0000000082d00000| PB 0x0000000082d00000| Untracked 
|  46|0x0000000082e00000, 0x0000000082e00000, 0x0000000082f00000|  0%| F|  |TAMS 0x0000000082e00000| PB 0x0000000082e00000| Untracked 
|  47|0x0000000082f00000, 0x0000000082f00000, 0x0000000083000000|  0%| F|  |TAMS 0x0000000082f00000| PB 0x0000000082f00000| Untracked 
|  48|0x0000000083000000, 0x0000000083000000, 0x0000000083100000|  0%| F|  |TAMS 0x0000000083000000| PB 0x0000000083000000| Untracked 
|  49|0x0000000083100000, 0x0000000083100000, 0x0000000083200000|  0%| F|  |TAMS 0x0000000083100000| PB 0x0000000083100000| Untracked 
|  50|0x0000000083200000, 0x0000000083200000, 0x0000000083300000|  0%| F|  |TAMS 0x0000000083200000| PB 0x0000000083200000| Untracked 
|  51|0x0000000083300000, 0x0000000083300000, 0x0000000083400000|  0%| F|  |TAMS 0x0000000083300000| PB 0x0000000083300000| Untracked 
|  52|0x0000000083400000, 0x0000000083400000, 0x0000000083500000|  0%| F|  |TAMS 0x0000000083400000| PB 0x0000000083400000| Untracked 
|  53|0x0000000083500000, 0x0000000083500000, 0x0000000083600000|  0%| F|  |TAMS 0x0000000083500000| PB 0x0000000083500000| Untracked 
|  54|0x0000000083600000, 0x0000000083600000, 0x0000000083700000|  0%| F|  |TAMS 0x0000000083600000| PB 0x0000000083600000| Untracked 
|  55|0x0000000083700000, 0x0000000083700000, 0x0000000083800000|  0%| F|  |TAMS 0x0000000083700000| PB 0x0000000083700000| Untracked 
|  56|0x0000000083800000, 0x0000000083800000, 0x0000000083900000|  0%| F|  |TAMS 0x0000000083800000| PB 0x0000000083800000| Untracked 
|  57|0x0000000083900000, 0x0000000083900000, 0x0000000083a00000|  0%| F|  |TAMS 0x0000000083900000| PB 0x0000000083900000| Untracked 
|  58|0x0000000083a00000, 0x0000000083a00000, 0x0000000083b00000|  0%| F|  |TAMS 0x0000000083a00000| PB 0x0000000083a00000| Untracked 
|  59|0x0000000083b00000, 0x0000000083b00000, 0x0000000083c00000|  0%| F|  |TAMS 0x0000000083b00000| PB 0x0000000083b00000| Untracked 
|  60|0x0000000083c00000, 0x0000000083c00000, 0x0000000083d00000|  0%| F|  |TAMS 0x0000000083c00000| PB 0x0000000083c00000| Untracked 
|  61|0x0000000083d00000, 0x0000000083d00000, 0x0000000083e00000|  0%| F|  |TAMS 0x0000000083d00000| PB 0x0000000083d00000| Untracked 
|  62|0x0000000083e00000, 0x0000000083e00000, 0x0000000083f00000|  0%| F|  |TAMS 0x0000000083e00000| PB 0x0000000083e00000| Untracked 
|  63|0x0000000083f00000, 0x0000000083f00000, 0x0000000084000000|  0%| F|  |TAMS 0x0000000083f00000| PB 0x0000000083f00000| Untracked 
|  64|0x0000000084000000, 0x0000000084000000, 0x0000000084100000|  0%| F|  |TAMS 0x0000000084000000| PB 0x0000000084000000| Untracked 
|  65|0x0000000084100000, 0x0000000084100000, 0x0000000084200000|  0%| F|  |TAMS 0x0000000084100000| PB 0x0000000084100000| Untracked 
|  66|0x0000000084200000, 0x0000000084200000, 0x0000000084300000|  0%| F|  |TAMS 0x0000000084200000| PB 0x0000000084200000| Untracked 
|  67|0x0000000084300000, 0x00000000843f6c18, 0x0000000084400000| 96%| E|  |TAMS 0x0000000084300000| PB 0x0000000084300000| Complete 
|  68|0x0000000084400000, 0x0000000084500000, 0x0000000084500000|100%| E|CS|TAMS 0x0000000084400000| PB 0x0000000084400000| Complete 
|  69|0x0000000084500000, 0x0000000084600000, 0x0000000084600000|100%| E|CS|TAMS 0x0000000084500000| PB 0x0000000084500000| Complete 
|  70|0x0000000084600000, 0x0000000084700000, 0x0000000084700000|100%| E|CS|TAMS 0x0000000084600000| PB 0x0000000084600000| Complete 
|  71|0x0000000084700000, 0x0000000084800000, 0x0000000084800000|100%| E|CS|TAMS 0x0000000084700000| PB 0x0000000084700000| Complete 
|  72|0x0000000084800000, 0x0000000084900000, 0x0000000084900000|100%| E|CS|TAMS 0x0000000084800000| PB 0x0000000084800000| Complete 
|  73|0x0000000084900000, 0x0000000084a00000, 0x0000000084a00000|100%| E|CS|TAMS 0x0000000084900000| PB 0x0000000084900000| Complete 
|  74|0x0000000084a00000, 0x0000000084b00000, 0x0000000084b00000|100%| E|CS|TAMS 0x0000000084a00000| PB 0x0000000084a00000| Complete 
|  75|0x0000000084b00000, 0x0000000084c00000, 0x0000000084c00000|100%| E|CS|TAMS 0x0000000084b00000| PB 0x0000000084b00000| Complete 
|  76|0x0000000084c00000, 0x0000000084d00000, 0x0000000084d00000|100%| E|CS|TAMS 0x0000000084c00000| PB 0x0000000084c00000| Complete 
|  77|0x0000000084d00000, 0x0000000084e00000, 0x0000000084e00000|100%| E|CS|TAMS 0x0000000084d00000| PB 0x0000000084d00000| Complete 
|  78|0x0000000084e00000, 0x0000000084f00000, 0x0000000084f00000|100%| E|CS|TAMS 0x0000000084e00000| PB 0x0000000084e00000| Complete 
|  79|0x0000000084f00000, 0x0000000085000000, 0x0000000085000000|100%| E|CS|TAMS 0x0000000084f00000| PB 0x0000000084f00000| Complete 
| 187|0x000000008bb00000, 0x000000008bc00000, 0x000000008bc00000|100%| E|CS|TAMS 0x000000008bb00000| PB 0x000000008bb00000| Complete 
| 188|0x000000008bc00000, 0x000000008bd00000, 0x000000008bd00000|100%| E|CS|TAMS 0x000000008bc00000| PB 0x000000008bc00000| Complete 
| 189|0x000000008bd00000, 0x000000008be00000, 0x000000008be00000|100%| E|CS|TAMS 0x000000008bd00000| PB 0x000000008bd00000| Complete 
| 190|0x000000008be00000, 0x000000008bf00000, 0x000000008bf00000|100%| E|CS|TAMS 0x000000008be00000| PB 0x000000008be00000| Complete 
| 191|0x000000008bf00000, 0x000000008c000000, 0x000000008c000000|100%| E|CS|TAMS 0x000000008bf00000| PB 0x000000008bf00000| Complete 
| 192|0x000000008c000000, 0x000000008c067038, 0x000000008c100000| 40%| S|CS|TAMS 0x000000008c000000| PB 0x000000008c000000| Complete 
| 193|0x000000008c100000, 0x000000008c200000, 0x000000008c200000|100%| S|CS|TAMS 0x000000008c100000| PB 0x000000008c100000| Complete 
| 194|0x000000008c200000, 0x000000008c300000, 0x000000008c300000|100%| S|CS|TAMS 0x000000008c200000| PB 0x000000008c200000| Complete 
| 195|0x000000008c300000, 0x000000008c400000, 0x000000008c400000|100%| S|CS|TAMS 0x000000008c300000| PB 0x000000008c300000| Complete 
| 196|0x000000008c400000, 0x000000008c500000, 0x000000008c500000|100%| E|CS|TAMS 0x000000008c400000| PB 0x000000008c400000| Complete 
| 197|0x000000008c500000, 0x000000008c600000, 0x000000008c600000|100%| E|CS|TAMS 0x000000008c500000| PB 0x000000008c500000| Complete 
| 198|0x000000008c600000, 0x000000008c700000, 0x000000008c700000|100%| E|  |TAMS 0x000000008c600000| PB 0x000000008c600000| Complete 
| 199|0x000000008c700000, 0x000000008c800000, 0x000000008c800000|100%| E|CS|TAMS 0x000000008c700000| PB 0x000000008c700000| Complete 
| 247|0x000000008f700000, 0x000000008f800000, 0x000000008f800000|100%| E|CS|TAMS 0x000000008f700000| PB 0x000000008f700000| Complete 
|2039|0x00000000ff700000, 0x00000000ff800000, 0x00000000ff800000|100%| O|  |TAMS 0x00000000ff700000| PB 0x00000000ff700000| Untracked 
|2040|0x00000000ff800000, 0x00000000ff900000, 0x00000000ff900000|100%| O|  |TAMS 0x00000000ff800000| PB 0x00000000ff800000| Untracked 
|2041|0x00000000ff900000, 0x00000000ffa00000, 0x00000000ffa00000|100%| O|  |TAMS 0x00000000ff900000| PB 0x00000000ff900000| Untracked 
|2042|0x00000000ffa00000, 0x00000000ffb00000, 0x00000000ffb00000|100%| O|  |TAMS 0x00000000ffa00000| PB 0x00000000ffa00000| Untracked 
|2043|0x00000000ffb00000, 0x00000000ffc00000, 0x00000000ffc00000|100%| O|  |TAMS 0x00000000ffb00000| PB 0x00000000ffb00000| Untracked 
|2044|0x00000000ffc00000, 0x00000000ffd00000, 0x00000000ffd00000|100%| O|  |TAMS 0x00000000ffc00000| PB 0x00000000ffc00000| Untracked 
|2045|0x00000000ffd00000, 0x00000000ffe00000, 0x00000000ffe00000|100%| O|  |TAMS 0x00000000ffd00000| PB 0x00000000ffd00000| Untracked 
|2046|0x00000000ffe00000, 0x00000000fff00000, 0x00000000fff00000|100%| O|  |TAMS 0x00000000ffe00000| PB 0x00000000ffe00000| Untracked 
|2047|0x00000000fff00000, 0x0000000100000000, 0x0000000100000000|100%| O|  |TAMS 0x00000000fff00000| PB 0x00000000fff00000| Untracked 

Card table byte_map: [0x0000022baadc0000,0x0000022bab1c0000] _byte_map_base: 0x0000022baa9c0000

Marking Bits: (CMBitMap*) 0x0000022b984e8530
 Bits: [0x0000022bab1c0000, 0x0000022bad1c0000)

Polling page: 0x0000022b962f0000

Metaspace:

Usage:
  Non-class:     29.94 MB used.
      Class:      5.13 MB used.
       Both:     35.07 MB used.

Virtual space:
  Non-class space:       64.00 MB reserved,      30.56 MB ( 48%) committed,  1 nodes.
      Class space:      416.00 MB reserved,       5.75 MB (  1%) committed,  1 nodes.
             Both:      480.00 MB reserved,      36.31 MB (  8%) committed. 

Chunk freelists:
   Non-Class:  608.00 KB
       Class:  10.09 MB
        Both:  10.69 MB

MaxMetaspaceSize: 512.00 MB
CompressedClassSpaceSize: 416.00 MB
Initial GC threshold: 21.00 MB
Current GC threshold: 59.00 MB
CDS: on
 - commit_granule_bytes: 65536.
 - commit_granule_words: 8192.
 - virtual_space_node_default_size: 8388608.
 - enlarge_chunks_in_place: 1.
 - use_allocation_guard: 0.


Internal statistics:

num_allocs_failed_limit: 6.
num_arena_births: 2152.
num_arena_deaths: 0.
num_vsnodes_births: 2.
num_vsnodes_deaths: 0.
num_space_committed: 581.
num_space_uncommitted: 0.
num_chunks_returned_to_freelist: 6.
num_chunks_taken_from_freelist: 3727.
num_chunk_merges: 6.
num_chunk_splits: 2431.
num_chunks_enlarged: 1509.
num_inconsistent_stats: 0.

CodeHeap 'non-profiled nmethods': size=120000Kb used=2423Kb max_used=2769Kb free=117576Kb
 bounds [0x0000022ba3160000, 0x0000022ba3420000, 0x0000022baa690000]
CodeHeap 'profiled nmethods': size=120000Kb used=8375Kb max_used=9292Kb free=111624Kb
 bounds [0x0000022b9b690000, 0x0000022b9bfb0000, 0x0000022ba2bc0000]
CodeHeap 'non-nmethods': size=5760Kb used=1972Kb max_used=1987Kb free=3787Kb
 bounds [0x0000022ba2bc0000, 0x0000022ba2e30000, 0x0000022ba3160000]
CodeCache: size=245760Kb, used=12770Kb, max_used=14048Kb, free=232987Kb
 total_blobs=5055, nmethods=4371, adapters=588, full_count=0
Compilation: enabled, stopped_count=0, restarted_count=0

Compilation events (20 events):
Event: 360.743 Thread 0x0000022bafb2aff0 nmethod 4823 0x0000022b9ba19a10 code [0x0000022b9ba19be0, 0x0000022b9ba19e88]
Event: 360.743 Thread 0x0000022bafb2aff0 4824       3       jdk.internal.jimage.ImageLocation::getAttributeString (54 bytes)
Event: 360.744 Thread 0x0000022bafb2aff0 nmethod 4824 0x0000022b9b90e190 code [0x0000022b9b90e3e0, 0x0000022b9b90eba0]
Event: 360.764 Thread 0x0000022bafb2aff0 4826       3       jdk.internal.jimage.ImageReader$SharedImageReader::makeDirectory (25 bytes)
Event: 360.764 Thread 0x0000022bafb2aff0 nmethod 4826 0x0000022b9b694210 code [0x0000022b9b694400, 0x0000022b9b694900]
Event: 360.764 Thread 0x0000022bafb2aff0 4827       3       jdk.internal.jimage.ImageLocation::getModuleOffset (7 bytes)
Event: 360.764 Thread 0x0000022bafb2aff0 nmethod 4827 0x0000022b9b9ad910 code [0x0000022b9b9adac0, 0x0000022b9b9adc20]
Event: 360.764 Thread 0x0000022bafb2aff0 4828       3       jdk.internal.jimage.ImageLocation::getModule (6 bytes)
Event: 360.764 Thread 0x0000022bafb2aff0 nmethod 4828 0x0000022b9ba19410 code [0x0000022b9ba195c0, 0x0000022b9ba19720]
Event: 360.765 Thread 0x0000022bafb2aff0 4829       3       jdk.internal.jimage.ImageLocation::getFullName (109 bytes)
Event: 360.766 Thread 0x0000022bafb2aff0 nmethod 4829 0x0000022b9b829c10 code [0x0000022b9b829f80, 0x0000022b9b82aec8]
Event: 360.766 Thread 0x0000022bafb2aff0 4830       3       jdk.internal.jimage.ImageLocation::getBase (6 bytes)
Event: 360.766 Thread 0x0000022bafb2aff0 nmethod 4830 0x0000022b9ba1c210 code [0x0000022b9ba1c3c0, 0x0000022b9ba1c508]
Event: 360.766 Thread 0x0000022bafb2aff0 4831       3       jdk.internal.jimage.ImageLocation::getExtension (6 bytes)
Event: 360.766 Thread 0x0000022bafb2aff0 nmethod 4831 0x0000022b9ba1fd90 code [0x0000022b9ba1ff40, 0x0000022b9ba20088]
Event: 360.767 Thread 0x0000022bafb2aff0 4833       1       jdk.internal.jimage.ImageReader$Node::getName (5 bytes)
Event: 360.767 Thread 0x0000022bafb2aff0 nmethod 4833 0x0000022ba31a2210 code [0x0000022ba31a23a0, 0x0000022ba31a2468]
Event: 360.767 Thread 0x0000022bafb2aff0 4834       1       jdk.internal.jimage.BasicImageReader::getStrings (5 bytes)
Event: 360.767 Thread 0x0000022bafb2aff0 nmethod 4834 0x0000022ba31a1e10 code [0x0000022ba31a1fa0, 0x0000022ba31a2068]
Event: 360.801 Thread 0x0000022bafb2aff0 4837       3       java.lang.String::join (52 bytes)

GC Heap History (14 events):
Event: 1.490 GC heap before
{Heap before GC invocations=0 (full 0):
 garbage-first heap   total 253952K, used 26624K [0x0000000080000000, 0x0000000100000000)
  region size 1024K, 23 young (23552K), 0 survivors (0K)
 Metaspace       used 1109K, committed 1216K, reserved 491520K
  class space    used 80K, committed 128K, reserved 425984K
}
Event: 1.494 GC heap after
{Heap after GC invocations=1 (full 0):
 garbage-first heap   total 253952K, used 10598K [0x0000000080000000, 0x0000000100000000)
  region size 1024K, 3 young (3072K), 3 survivors (3072K)
 Metaspace       used 1109K, committed 1216K, reserved 491520K
  class space    used 80K, committed 128K, reserved 425984K
}
Event: 4.330 GC heap before
{Heap before GC invocations=1 (full 0):
 garbage-first heap   total 253952K, used 41318K [0x0000000080000000, 0x0000000100000000)
  region size 1024K, 33 young (33792K), 3 survivors (3072K)
 Metaspace       used 4290K, committed 4480K, reserved 491520K
  class space    used 547K, committed 640K, reserved 425984K
}
Event: 4.338 GC heap after
{Heap after GC invocations=2 (full 0):
 garbage-first heap   total 253952K, used 12079K [0x0000000080000000, 0x0000000100000000)
  region size 1024K, 2 young (2048K), 2 survivors (2048K)
 Metaspace       used 4290K, committed 4480K, reserved 491520K
  class space    used 547K, committed 640K, reserved 425984K
}
Event: 15.317 GC heap before
{Heap before GC invocations=2 (full 0):
 garbage-first heap   total 253952K, used 96047K [0x0000000080000000, 0x0000000100000000)
  region size 1024K, 83 young (84992K), 2 survivors (2048K)
 Metaspace       used 14370K, committed 14848K, reserved 491520K
  class space    used 2011K, committed 2240K, reserved 425984K
}
Event: 15.348 GC heap after
{Heap after GC invocations=3 (full 0):
 garbage-first heap   total 253952K, used 21908K [0x0000000080000000, 0x0000000100000000)
  region size 1024K, 11 young (11264K), 11 survivors (11264K)
 Metaspace       used 14370K, committed 14848K, reserved 491520K
  class space    used 2011K, committed 2240K, reserved 425984K
}
Event: 27.294 GC heap before
{Heap before GC invocations=3 (full 0):
 garbage-first heap   total 253952K, used 69012K [0x0000000080000000, 0x0000000100000000)
  region size 1024K, 59 young (60416K), 11 survivors (11264K)
 Metaspace       used 20864K, committed 21504K, reserved 491520K
  class space    used 3067K, committed 3392K, reserved 425984K
}
Event: 27.308 GC heap after
{Heap after GC invocations=4 (full 0):
 garbage-first heap   total 253952K, used 25718K [0x0000000080000000, 0x0000000100000000)
  region size 1024K, 13 young (13312K), 13 survivors (13312K)
 Metaspace       used 20864K, committed 21504K, reserved 491520K
  class space    used 3067K, committed 3392K, reserved 425984K
}
Event: 35.404 GC heap before
{Heap before GC invocations=5 (full 0):
 garbage-first heap   total 89088K, used 88182K [0x0000000080000000, 0x0000000100000000)
  region size 1024K, 74 young (75776K), 13 survivors (13312K)
 Metaspace       used 28442K, committed 29696K, reserved 491520K
  class space    used 4342K, committed 4928K, reserved 425984K
}
Event: 35.425 GC heap after
{Heap after GC invocations=6 (full 0):
 garbage-first heap   total 105472K, used 28290K [0x0000000080000000, 0x0000000100000000)
  region size 1024K, 7 young (7168K), 7 survivors (7168K)
 Metaspace       used 28442K, committed 29696K, reserved 491520K
  class space    used 4342K, committed 4928K, reserved 425984K
}
Event: 353.843 GC heap before
{Heap before GC invocations=6 (full 0):
 garbage-first heap   total 105472K, used 82562K [0x0000000080000000, 0x0000000100000000)
  region size 1024K, 61 young (62464K), 7 survivors (7168K)
 Metaspace       used 33820K, committed 35072K, reserved 491520K
  class space    used 5017K, committed 5632K, reserved 425984K
}
Event: 353.912 GC heap after
{Heap after GC invocations=7 (full 0):
 garbage-first heap   total 105472K, used 30814K [0x0000000080000000, 0x0000000100000000)
  region size 1024K, 6 young (6144K), 6 survivors (6144K)
 Metaspace       used 33820K, committed 35072K, reserved 491520K
  class space    used 5017K, committed 5632K, reserved 425984K
}
Event: 356.136 GC heap before
{Heap before GC invocations=7 (full 0):
 garbage-first heap   total 105472K, used 34910K [0x0000000080000000, 0x0000000100000000)
  region size 1024K, 11 young (11264K), 6 survivors (6144K)
 Metaspace       used 34694K, committed 35968K, reserved 491520K
  class space    used 5123K, committed 5760K, reserved 425984K
}
Event: 356.326 GC heap after
{Heap after GC invocations=8 (full 0):
 garbage-first heap   total 105472K, used 31735K [0x0000000080000000, 0x0000000100000000)
  region size 1024K, 4 young (4096K), 4 survivors (4096K)
 Metaspace       used 34694K, committed 35968K, reserved 491520K
  class space    used 5123K, committed 5760K, reserved 425984K
}

Dll operation events (20 events):
Event: 0.116 Attempting to load shared library C:\Users\Fintern\.vscode\extensions\redhat.java-1.56.0-win32-x64\jre\21.0.12.1-win32-x86_64\bin\nio.dll
Event: 0.117 Loaded shared library C:\Users\Fintern\.vscode\extensions\redhat.java-1.56.0-win32-x64\jre\21.0.12.1-win32-x86_64\bin\nio.dll
Event: 0.119 Attempting to load shared library C:\Users\Fintern\.vscode\extensions\redhat.java-1.56.0-win32-x64\jre\21.0.12.1-win32-x86_64\bin\zip.dll
Event: 0.119 Loaded shared library C:\Users\Fintern\.vscode\extensions\redhat.java-1.56.0-win32-x64\jre\21.0.12.1-win32-x86_64\bin\zip.dll
Event: 0.512 Attempting to load shared library C:\Users\Fintern\.vscode\extensions\redhat.java-1.56.0-win32-x64\jre\21.0.12.1-win32-x86_64\bin\jimage.dll
Event: 0.512 Loaded shared library C:\Users\Fintern\.vscode\extensions\redhat.java-1.56.0-win32-x64\jre\21.0.12.1-win32-x86_64\bin\jimage.dll
Event: 1.502 Attempting to load shared library C:\Users\Fintern\.vscode\extensions\redhat.java-1.56.0-win32-x64\jre\21.0.12.1-win32-x86_64\bin\verify.dll
Event: 1.538 Loaded shared library C:\Users\Fintern\.vscode\extensions\redhat.java-1.56.0-win32-x64\jre\21.0.12.1-win32-x86_64\bin\verify.dll
Event: 1.645 Attempting to load shared library C:\Users\Fintern\.gradle\native\c067742578af261105cb4f569cf0c3c89f3d7b1fecec35dd04571415982c5e48\windows-amd64\native-platform.dll
Event: 1.693 Loaded shared library C:\Users\Fintern\.gradle\native\c067742578af261105cb4f569cf0c3c89f3d7b1fecec35dd04571415982c5e48\windows-amd64\native-platform.dll
Event: 1.698 Attempting to load shared library C:\Users\Fintern\.gradle\native\100fb08df4bc3b14c8652ba06237920a3bd2aa13389f12d3474272988ae205f9\windows-amd64\native-platform-file-events.dll
Event: 1.746 Loaded shared library C:\Users\Fintern\.gradle\native\100fb08df4bc3b14c8652ba06237920a3bd2aa13389f12d3474272988ae205f9\windows-amd64\native-platform-file-events.dll
Event: 7.615 Attempting to load shared library C:\Users\Fintern\.vscode\extensions\redhat.java-1.56.0-win32-x64\jre\21.0.12.1-win32-x86_64\bin\management.dll
Event: 7.622 Loaded shared library C:\Users\Fintern\.vscode\extensions\redhat.java-1.56.0-win32-x64\jre\21.0.12.1-win32-x86_64\bin\management.dll
Event: 7.648 Attempting to load shared library C:\Users\Fintern\.vscode\extensions\redhat.java-1.56.0-win32-x64\jre\21.0.12.1-win32-x86_64\bin\management_ext.dll
Event: 7.650 Loaded shared library C:\Users\Fintern\.vscode\extensions\redhat.java-1.56.0-win32-x64\jre\21.0.12.1-win32-x86_64\bin\management_ext.dll
Event: 10.614 Attempting to load shared library C:\Users\Fintern\.vscode\extensions\redhat.java-1.56.0-win32-x64\jre\21.0.12.1-win32-x86_64\bin\extnet.dll
Event: 10.664 Loaded shared library C:\Users\Fintern\.vscode\extensions\redhat.java-1.56.0-win32-x64\jre\21.0.12.1-win32-x86_64\bin\extnet.dll
Event: 11.237 Attempting to load shared library C:\Users\Fintern\.vscode\extensions\redhat.java-1.56.0-win32-x64\jre\21.0.12.1-win32-x86_64\bin\sunmscapi.dll
Event: 11.438 Loaded shared library C:\Users\Fintern\.vscode\extensions\redhat.java-1.56.0-win32-x64\jre\21.0.12.1-win32-x86_64\bin\sunmscapi.dll

Deoptimization events (20 events):
Event: 348.499 Thread 0x0000022bcb106070 DEOPT PACKING pc=0x0000022ba33f94fc sp=0x000000ecee5f5e90
Event: 348.499 Thread 0x0000022bcb106070 DEOPT UNPACKING pc=0x0000022ba2c17ba2 sp=0x000000ecee5f5e18 mode 2
Event: 351.220 Thread 0x0000022bcb106070 Uncommon trap: trap_request=0xffffff45 fr.pc=0x0000022ba3206874 relative=0x0000000000000754
Event: 351.220 Thread 0x0000022bcb106070 Uncommon trap: reason=unstable_if action=reinterpret pc=0x0000022ba3206874 method=java.util.Properties$LineReader.readLine()I @ 95 c2
Event: 351.220 Thread 0x0000022bcb106070 DEOPT PACKING pc=0x0000022ba3206874 sp=0x000000ecee5f8be0
Event: 351.232 Thread 0x0000022bcb106070 DEOPT UNPACKING pc=0x0000022ba2c17ba2 sp=0x000000ecee5f8b90 mode 2
Event: 351.264 Thread 0x0000022bcb106070 Uncommon trap: trap_request=0xffffffc6 fr.pc=0x0000022ba333d098 relative=0x0000000000000238
Event: 351.266 Thread 0x0000022bcb106070 Uncommon trap: reason=bimorphic_or_optimized_type_check action=maybe_recompile pc=0x0000022ba333d098 method=java.util.regex.Pattern$BmpCharProperty.match(Ljava/util/regex/Matcher;ILjava/lang/CharSequence;)Z @ 19 c2
Event: 351.266 Thread 0x0000022bcb106070 DEOPT PACKING pc=0x0000022ba333d098 sp=0x000000ecee5f88b0
Event: 351.266 Thread 0x0000022bcb106070 DEOPT UNPACKING pc=0x0000022ba2c17ba2 sp=0x000000ecee5f8848 mode 2
Event: 351.266 Thread 0x0000022bcb106070 Uncommon trap: trap_request=0xffffffc6 fr.pc=0x0000022ba333d098 relative=0x0000000000000238
Event: 351.266 Thread 0x0000022bcb106070 Uncommon trap: reason=bimorphic_or_optimized_type_check action=maybe_recompile pc=0x0000022ba333d098 method=java.util.regex.Pattern$BmpCharProperty.match(Ljava/util/regex/Matcher;ILjava/lang/CharSequence;)Z @ 19 c2
Event: 351.266 Thread 0x0000022bcb106070 DEOPT PACKING pc=0x0000022ba333d098 sp=0x000000ecee5f88b0
Event: 351.266 Thread 0x0000022bcb106070 DEOPT UNPACKING pc=0x0000022ba2c17ba2 sp=0x000000ecee5f8848 mode 2
Event: 352.995 Thread 0x0000022bcb106070 DEOPT PACKING pc=0x0000022b9bbaad46 sp=0x000000ecee5f82a0
Event: 352.995 Thread 0x0000022bcb106070 DEOPT UNPACKING pc=0x0000022ba2c186e2 sp=0x000000ecee5f7820 mode 0
Event: 360.563 Thread 0x0000022bcb106070 Uncommon trap: trap_request=0xffffff6e fr.pc=0x0000022ba3180010 relative=0x0000000000000850
Event: 360.563 Thread 0x0000022bcb106070 Uncommon trap: reason=loop_limit_check action=maybe_recompile pc=0x0000022ba3180010 method=java.util.regex.Pattern$Start.match(Ljava/util/regex/Matcher;ILjava/lang/CharSequence;)Z @ 34 c2
Event: 360.563 Thread 0x0000022bcb106070 DEOPT PACKING pc=0x0000022ba3180010 sp=0x000000ecee5f8980
Event: 360.611 Thread 0x0000022bcb106070 DEOPT UNPACKING pc=0x0000022ba2c17ba2 sp=0x000000ecee5f88f0 mode 2

Classes loaded (20 events):
Event: 360.622 Loading class jdk/internal/jimage/ImageReader$Directory
Event: 360.622 Loading class jdk/internal/jimage/ImageReader$Node
Event: 360.623 Loading class jdk/internal/jimage/ImageReader$Node done
Event: 360.623 Loading class jdk/internal/jimage/ImageReader$Directory done
Event: 360.623 Loading class jdk/internal/jrtfs/SystemImage$1
Event: 360.623 Loading class jdk/internal/jrtfs/SystemImage$1 done
Event: 360.670 Loading class jdk/internal/jimage/ImageReader$SharedImageReader$LocationVisitor
Event: 360.670 Loading class jdk/internal/jimage/ImageReader$SharedImageReader$LocationVisitor done
Event: 360.671 Loading class java/nio/ByteBufferAsIntBufferL
Event: 360.717 Loading class java/nio/ByteBufferAsIntBufferL done
Event: 360.734 Loading class jdk/internal/jrtfs/JrtFileAttributes
Event: 360.734 Loading class jdk/internal/jrtfs/JrtFileAttributes done
Event: 360.734 Loading class jdk/internal/jrtfs/JrtDirectoryStream
Event: 360.735 Loading class jdk/internal/jrtfs/JrtDirectoryStream done
Event: 360.739 Loading class jdk/internal/jrtfs/JrtDirectoryStream$1
Event: 360.739 Loading class jdk/internal/jrtfs/JrtDirectoryStream$1 done
Event: 360.739 Loading class java/util/function/BooleanSupplier
Event: 360.740 Loading class java/util/function/BooleanSupplier done
Event: 360.740 Loading class jdk/internal/jimage/ImageReader$Resource
Event: 360.740 Loading class jdk/internal/jimage/ImageReader$Resource done

Classes unloaded (0 events):
No events

Classes redefined (0 events):
No events

Internal exceptions (20 events):
Event: 281.493 Thread 0x0000022bcb106070 Exception <a 'java/lang/NoSuchMethodError'{0x000000008399e5d0}: 'java.lang.Object java.lang.invoke.DirectMethodHandle$Holder.invokeStatic(java.lang.Object, java.lang.Object, int, java.lang.Object)'> (0x000000008399e5d0) 
thrown [s\src\hotspot\share\interpreter\linkResolver.cpp, line 773]
Event: 281.547 Thread 0x0000022bcb106070 Exception <a 'java/lang/NoSuchMethodError'{0x00000000839a59b8}: 'java.lang.Object java.lang.invoke.DirectMethodHandle$Holder.newInvokeSpecial(java.lang.Object, java.lang.Object, int, java.lang.Object)'> (0x00000000839a59b8) 
thrown [s\src\hotspot\share\interpreter\linkResolver.cpp, line 773]
Event: 281.604 Thread 0x0000022bcb106070 Exception <a 'java/lang/NoSuchMethodError'{0x00000000839aa0e0}: 'java.lang.Object java.lang.invoke.DirectMethodHandle$Holder.invokeSpecial(java.lang.Object, java.lang.Object, java.lang.Object, int, java.lang.Object)'> (0x00000000839aa0e0) 
thrown [s\src\hotspot\share\interpreter\linkResolver.cpp, line 773]
Event: 326.431 Thread 0x0000022bcb106070 Exception <a 'java/lang/NoSuchMethodError'{0x000000008317a818}: 'void java.lang.invoke.DirectMethodHandle$Holder.invokeInterface(java.lang.Object, java.lang.Object, java.lang.Object, java.lang.Object, java.lang.Object, java.lang.Object, java.lang.Object)'> (0x000000008317a818) 
thrown [s\src\hotspot\share\interpreter\linkResolver.cpp, line 773]
Event: 326.444 Thread 0x0000022bcb106070 Exception <a 'java/lang/NoSuchMethodError'{0x000000008317f130}: 'void java.lang.invoke.DelegatingMethodHandle$Holder.reinvoke_L(java.lang.Object, java.lang.Object, java.lang.Object, java.lang.Object, java.lang.Object, java.lang.Object, java.lang.Object)'> (0x000000008317f130) 
thrown [s\src\hotspot\share\interpreter\linkResolver.cpp, line 773]
Event: 332.663 Thread 0x0000022bcb106070 Exception <a 'java/lang/NoSuchMethodError'{0x0000000082f1a6f0}: 'java.lang.Object java.lang.invoke.DirectMethodHandle$Holder.invokeSpecial(java.lang.Object, java.lang.Object, java.lang.Object, int, java.lang.Object, java.lang.Object)'> (0x0000000082f1a6f0) 
thrown [s\src\hotspot\share\interpreter\linkResolver.cpp, line 773]
Event: 346.535 Thread 0x0000022bcb106070 Implicit null exception at 0x0000022ba328e235 to 0x0000022ba328e758
Event: 346.535 Thread 0x0000022bcb106070 Implicit null exception at 0x0000022ba332c118 to 0x0000022ba332c494
Event: 346.535 Thread 0x0000022bcb106070 Implicit null exception at 0x0000022ba332deb0 to 0x0000022ba332e784
Event: 346.551 Thread 0x0000022bcb106070 Exception <a 'java/lang/NoSuchMethodError'{0x0000000082a69f70}: 'java.lang.reflect.Method[] java.lang.Class.getDeclaredMethods(java.lang.Class)'> (0x0000000082a69f70) 
thrown [s\src\hotspot\share\interpreter\linkResolver.cpp, line 773]
Event: 347.828 Thread 0x0000022bcb106070 Exception <a 'java/lang/NoSuchMethodError'{0x0000000082879940}: 'void java.lang.invoke.DirectMethodHandle$Holder.invokeStaticInit(java.lang.Object, java.lang.Object, java.lang.Object)'> (0x0000000082879940) 
thrown [s\src\hotspot\share\interpreter\linkResolver.cpp, line 773]
Event: 348.357 Thread 0x0000022bcb106070 Exception <a 'java/lang/NoSuchMethodError'{0x000000008289dcb8}: 'void java.lang.invoke.DirectMethodHandle$Holder.invokeStaticInit(java.lang.Object, java.lang.Object, java.lang.Object, java.lang.Object, java.lang.Object)'> (0x000000008289dcb8) 
thrown [s\src\hotspot\share\interpreter\linkResolver.cpp, line 773]
Event: 348.700 Thread 0x0000022bcb106070 Exception <a 'java/lang/NoSuchMethodError'{0x00000000828f6920}: 'int java.lang.invoke.DirectMethodHandle$Holder.invokeStaticInit(java.lang.Object, java.lang.Object, java.lang.Object, java.lang.Object)'> (0x00000000828f6920) 
thrown [s\src\hotspot\share\interpreter\linkResolver.cpp, line 773]
Event: 355.873 Thread 0x0000022bcb106070 Exception <a 'java/lang/ClassNotFoundException'{0x000000008c5804a0}: groovy/lang/ExpandoMetaClassBeanInfo> (0x000000008c5804a0) 
thrown [s\src\hotspot\share\classfile\systemDictionary.cpp, line 313]
Event: 355.877 Thread 0x0000022bcb106070 Exception <a 'java/lang/ClassNotFoundException'{0x000000008c588568}: groovy/lang/MetaClassImplBeanInfo> (0x000000008c588568) 
thrown [s\src\hotspot\share\classfile\systemDictionary.cpp, line 313]
Event: 355.878 Thread 0x0000022bcb106070 Exception <a 'java/lang/ClassNotFoundException'{0x000000008c58cdf0}: java/lang/ObjectBeanInfo> (0x000000008c58cdf0) 
thrown [s\src\hotspot\share\classfile\systemDictionary.cpp, line 313]
Event: 355.880 Thread 0x0000022bcb106070 Exception <a 'java/lang/ClassNotFoundException'{0x000000008c592688}: java/lang/ObjectCustomizer> (0x000000008c592688) 
thrown [s\src\hotspot\share\classfile\systemDictionary.cpp, line 313]
Event: 355.890 Thread 0x0000022bcb106070 Exception <a 'java/lang/IncompatibleClassChangeError'{0x000000008c5a2ff0}: Found class java.lang.Object, but interface was expected> (0x000000008c5a2ff0) 
thrown [s\src\hotspot\share\interpreter\linkResolver.cpp, line 840]
Event: 355.930 Thread 0x0000022bcb106070 Exception <a 'java/lang/ClassNotFoundException'{0x000000008c5bcd08}: groovy/lang/MetaClassImplCustomizer> (0x000000008c5bcd08) 
thrown [s\src\hotspot\share\classfile\systemDictionary.cpp, line 313]
Event: 355.940 Thread 0x0000022bcb106070 Exception <a 'java/lang/ClassNotFoundException'{0x000000008c5e6318}: groovy/lang/ExpandoMetaClassCustomizer> (0x000000008c5e6318) 
thrown [s\src\hotspot\share\classfile\systemDictionary.cpp, line 313]

ZGC Phase Switch (0 events):
No events

VM Operations (20 events):
Event: 357.760 Executing non-safepoint VM operation: HandshakeAllThreads (Deoptimize)
Event: 357.760 Executing non-safepoint VM operation: HandshakeAllThreads (Deoptimize) done
Event: 357.916 Executing non-safepoint VM operation: HandshakeAllThreads (Deoptimize)
Event: 357.916 Executing non-safepoint VM operation: HandshakeAllThreads (Deoptimize) done
Event: 358.048 Executing non-safepoint VM operation: HandshakeAllThreads (Deoptimize)
Event: 358.048 Executing non-safepoint VM operation: HandshakeAllThreads (Deoptimize) done
Event: 358.317 Executing non-safepoint VM operation: HandshakeAllThreads (Deoptimize)
Event: 358.317 Executing non-safepoint VM operation: HandshakeAllThreads (Deoptimize) done
Event: 359.320 Executing safepoint VM operation: Cleanup
Event: 359.350 Executing safepoint VM operation: Cleanup done
Event: 360.362 Executing safepoint VM operation: Cleanup
Event: 360.362 Executing safepoint VM operation: Cleanup done
Event: 360.720 Executing non-safepoint VM operation: HandshakeAllThreads (Deoptimize)
Event: 360.720 Executing non-safepoint VM operation: HandshakeAllThreads (Deoptimize) done
Event: 360.827 Executing non-safepoint VM operation: HandshakeAllThreads (HandshakeForDeflation)
Event: 360.827 Executing non-safepoint VM operation: HandshakeAllThreads (HandshakeForDeflation) done
Event: 360.828 Executing non-safepoint VM operation: RendezvousGCThreads
Event: 360.828 Executing non-safepoint VM operation: RendezvousGCThreads done
Event: 361.842 Executing safepoint VM operation: Cleanup
Event: 361.874 Executing safepoint VM operation: Cleanup done

Memory protections (0 events):
No events

Nmethod flushes (20 events):
Event: 357.475 Thread 0x0000022bafafbf40 flushing  nmethod 0x0000022ba31e1090
Event: 357.475 Thread 0x0000022bafafbf40 flushing  nmethod 0x0000022ba31e1390
Event: 357.475 Thread 0x0000022bafafbf40 flushing  nmethod 0x0000022ba3272090
Event: 357.475 Thread 0x0000022bafafbf40 flushing  nmethod 0x0000022ba3275a10
Event: 357.475 Thread 0x0000022bafafbf40 flushing  nmethod 0x0000022ba32d0a90
Event: 357.475 Thread 0x0000022bafafbf40 flushing  nmethod 0x0000022ba32f8310
Event: 357.475 Thread 0x0000022bafafbf40 flushing  nmethod 0x0000022ba3307610
Event: 357.475 Thread 0x0000022bafafbf40 flushing  nmethod 0x0000022b9b9c8f90
Event: 357.475 Thread 0x0000022bafafbf40 flushing  nmethod 0x0000022b9b9c9990
Event: 357.475 Thread 0x0000022bafafbf40 flushing  nmethod 0x0000022b9b9ce610
Event: 357.475 Thread 0x0000022bafafbf40 flushing  nmethod 0x0000022b9ba20490
Event: 357.475 Thread 0x0000022bafafbf40 flushing  nmethod 0x0000022b9ba22d10
Event: 357.475 Thread 0x0000022bafafbf40 flushing  nmethod 0x0000022b9ba23510
Event: 357.475 Thread 0x0000022bafafbf40 flushing  nmethod 0x0000022b9ba28a10
Event: 357.475 Thread 0x0000022bafafbf40 flushing  nmethod 0x0000022b9ba50710
Event: 357.475 Thread 0x0000022bafafbf40 flushing  nmethod 0x0000022b9ba52890
Event: 357.475 Thread 0x0000022bafafbf40 flushing  nmethod 0x0000022b9ba6cb90
Event: 357.475 Thread 0x0000022bafafbf40 flushing  nmethod 0x0000022b9ba7c190
Event: 357.475 Thread 0x0000022bafafbf40 flushing  nmethod 0x0000022b9bae7190
Event: 357.475 Thread 0x0000022bafafbf40 flushing  nmethod 0x0000022b9baeb510

Events (20 events):
Event: 11.902 Thread 0x0000022bcb106070 Thread added: 0x0000022bcb3369f0
Event: 11.914 Thread 0x0000022bcb106070 Thread added: 0x0000022bcb318a90
Event: 11.923 Thread 0x0000022bcb106070 Thread added: 0x0000022bd0224c80
Event: 12.104 Thread 0x0000022bd0fa3520 Thread exited: 0x0000022bd0fa3520
Event: 15.846 Thread 0x0000022bcb106070 Thread added: 0x0000022bd0226030
Event: 16.098 Thread 0x0000022bcb106070 Thread added: 0x0000022bd0226d50
Event: 16.909 Thread 0x0000022bd0226d50 Thread added: 0x0000022bd02266c0
Event: 18.112 Thread 0x0000022bcb106070 Thread added: 0x0000022bd02273e0
Event: 27.356 Thread 0x0000022bcb106070 Thread added: 0x0000022bd02259a0
Event: 27.523 Thread 0x0000022bcb106070 Thread added: 0x0000022bd0228100
Event: 28.393 Thread 0x0000022bcb106070 Thread added: 0x0000022bd0225310
Event: 28.414 Thread 0x0000022bcb106070 Thread added: 0x0000022bd2d2ac00
Event: 29.786 Thread 0x0000022bcb106070 Thread added: 0x0000022bd2d2ccd0
Event: 30.458 Thread 0x0000022bcb106070 Thread added: 0x0000022bd2d2b920
Event: 32.891 Thread 0x0000022bcb106070 Thread added: 0x0000022bd2d2bfb0
Event: 34.643 Thread 0x0000022bcb106070 Thread added: 0x0000022bd2d2a570
Event: 117.514 Thread 0x0000022bd02266c0 Thread exited: 0x0000022bd02266c0
Event: 279.353 Thread 0x0000022bd0226d50 Thread added: 0x0000022bd2d2c640
Event: 281.690 Thread 0x0000022bcb106070 Thread added: 0x0000022bd2d2e710
Event: 324.143 Thread 0x0000022bcb106070 Thread added: 0x0000022bd2d2d360


Dynamic libraries:
0x00007ff627960000 - 0x00007ff62796e000 	C:\Users\Fintern\.vscode\extensions\redhat.java-1.56.0-win32-x64\jre\21.0.12.1-win32-x86_64\bin\java.exe
0x00007fff346e0000 - 0x00007fff34947000 	C:\WINDOWS\SYSTEM32\ntdll.dll
0x00007fff32e80000 - 0x00007fff32f4b000 	C:\WINDOWS\System32\KERNEL32.DLL
0x00007fff31ec0000 - 0x00007fff322c2000 	C:\WINDOWS\System32\KERNELBASE.dll
0x00007fff31ca0000 - 0x00007fff31dec000 	C:\WINDOWS\System32\ucrtbase.dll
0x00007fff27080000 - 0x00007fff27098000 	C:\Users\Fintern\.vscode\extensions\redhat.java-1.56.0-win32-x64\jre\21.0.12.1-win32-x86_64\bin\jli.dll
0x00007fff296d0000 - 0x00007fff296ee000 	C:\Users\Fintern\.vscode\extensions\redhat.java-1.56.0-win32-x64\jre\21.0.12.1-win32-x86_64\bin\VCRUNTIME140.dll
0x00007fff331b0000 - 0x00007fff3337f000 	C:\WINDOWS\System32\USER32.dll
0x00007fff18e40000 - 0x00007fff190d0000 	C:\WINDOWS\WinSxS\amd64_microsoft.windows.common-controls_6595b64144ccf1df_6.0.26100.9278_none_3e0d1ba8e3303201\COMCTL32.dll
0x00007fff318e0000 - 0x00007fff31907000 	C:\WINDOWS\System32\win32u.dll
0x00007fff33ec0000 - 0x00007fff33f69000 	C:\WINDOWS\System32\msvcrt.dll
0x00007fff34400000 - 0x00007fff3442b000 	C:\WINDOWS\System32\GDI32.dll
0x00007fff322d0000 - 0x00007fff323f9000 	C:\WINDOWS\System32\gdi32full.dll
0x00007fff31b30000 - 0x00007fff31bd3000 	C:\WINDOWS\System32\msvcp_win.dll
0x00007fff32400000 - 0x00007fff32431000 	C:\WINDOWS\System32\IMM32.DLL
0x00007fff29a50000 - 0x00007fff29a5c000 	C:\Users\Fintern\.vscode\extensions\redhat.java-1.56.0-win32-x64\jre\21.0.12.1-win32-x86_64\bin\vcruntime140_1.dll
0x00007ffefb730000 - 0x00007ffefb7bd000 	C:\Users\Fintern\.vscode\extensions\redhat.java-1.56.0-win32-x64\jre\21.0.12.1-win32-x86_64\bin\msvcp140.dll
0x00007ffecc1d0000 - 0x00007ffeccf72000 	C:\Users\Fintern\.vscode\extensions\redhat.java-1.56.0-win32-x64\jre\21.0.12.1-win32-x86_64\bin\server\jvm.dll
0x00007fff32fc0000 - 0x00007fff3307c000 	C:\WINDOWS\System32\ADVAPI32.dll
0x00007fff33c60000 - 0x00007fff33d09000 	C:\WINDOWS\System32\sechost.dll
0x00007fff33d10000 - 0x00007fff33e28000 	C:\WINDOWS\System32\RPCRT4.dll
0x00007fff33e30000 - 0x00007fff33eb0000 	C:\WINDOWS\System32\WS2_32.dll
0x00007fff31740000 - 0x00007fff3179e000 	C:\WINDOWS\SYSTEM32\POWRPROF.dll
0x00007fff274f0000 - 0x00007fff27526000 	C:\WINDOWS\SYSTEM32\WINMM.dll
0x00007fff1f930000 - 0x00007fff1f93b000 	C:\WINDOWS\SYSTEM32\VERSION.dll
0x00007fff31720000 - 0x00007fff31735000 	C:\WINDOWS\SYSTEM32\UMPDC.dll
0x00007fff30440000 - 0x00007fff3045b000 	C:\WINDOWS\SYSTEM32\kernel.appcore.dll
0x00007fff29800000 - 0x00007fff2980a000 	C:\Users\Fintern\.vscode\extensions\redhat.java-1.56.0-win32-x64\jre\21.0.12.1-win32-x86_64\bin\jimage.dll
0x00007fff2eac0000 - 0x00007fff2ed0c000 	C:\WINDOWS\SYSTEM32\DBGHELP.DLL
0x00007fff33390000 - 0x00007fff33715000 	C:\WINDOWS\System32\combase.dll
0x00007fff33980000 - 0x00007fff33a59000 	C:\WINDOWS\System32\OLEAUT32.dll
0x00007fff15170000 - 0x00007fff151ab000 	C:\WINDOWS\SYSTEM32\dbgcore.DLL
0x00007fff31e00000 - 0x00007fff31eac000 	C:\WINDOWS\System32\bcryptPrimitives.dll
0x00007fff1cce0000 - 0x00007fff1ccef000 	C:\Users\Fintern\.vscode\extensions\redhat.java-1.56.0-win32-x64\jre\21.0.12.1-win32-x86_64\bin\instrument.dll
0x00007fff1c9d0000 - 0x00007fff1c9f0000 	C:\Users\Fintern\.vscode\extensions\redhat.java-1.56.0-win32-x64\jre\21.0.12.1-win32-x86_64\bin\java.dll
0x00007fff32440000 - 0x00007fff32bd8000 	C:\WINDOWS\System32\SHELL32.dll
0x00007fff2efb0000 - 0x00007fff2f85e000 	C:\WINDOWS\SYSTEM32\windows.storage.dll
0x00007fff345a0000 - 0x00007fff3469b000 	C:\WINDOWS\System32\SHCORE.dll
0x00007fff32f50000 - 0x00007fff32fb6000 	C:\WINDOWS\System32\shlwapi.dll
0x00007fff31800000 - 0x00007fff31829000 	C:\WINDOWS\SYSTEM32\profapi.dll
0x00007fff19510000 - 0x00007fff19528000 	C:\Users\Fintern\.vscode\extensions\redhat.java-1.56.0-win32-x64\jre\21.0.12.1-win32-x86_64\bin\zip.dll
0x00007fff297c0000 - 0x00007fff297d0000 	C:\Users\Fintern\.vscode\extensions\redhat.java-1.56.0-win32-x64\jre\21.0.12.1-win32-x86_64\bin\net.dll
0x00007fff30460000 - 0x00007fff3058a000 	C:\WINDOWS\SYSTEM32\WINHTTP.dll
0x00007fff30b10000 - 0x00007fff30b7c000 	C:\WINDOWS\system32\mswsock.dll
0x00007fff0ed00000 - 0x00007fff0ed16000 	C:\Users\Fintern\.vscode\extensions\redhat.java-1.56.0-win32-x64\jre\21.0.12.1-win32-x86_64\bin\nio.dll
0x00007fff1cbe0000 - 0x00007fff1cbf0000 	C:\Users\Fintern\.vscode\extensions\redhat.java-1.56.0-win32-x64\jre\21.0.12.1-win32-x86_64\bin\verify.dll
0x00007ffeeae80000 - 0x00007ffeeaea7000 	C:\Users\Fintern\.gradle\native\c067742578af261105cb4f569cf0c3c89f3d7b1fecec35dd04571415982c5e48\windows-amd64\native-platform.dll
0x00007ffed6850000 - 0x00007ffed6994000 	C:\Users\Fintern\.gradle\native\100fb08df4bc3b14c8652ba06237920a3bd2aa13389f12d3474272988ae205f9\windows-amd64\native-platform-file-events.dll
0x00007fff1cbc0000 - 0x00007fff1cbca000 	C:\Users\Fintern\.vscode\extensions\redhat.java-1.56.0-win32-x64\jre\21.0.12.1-win32-x86_64\bin\management.dll
0x00007fff194a0000 - 0x00007fff194ac000 	C:\Users\Fintern\.vscode\extensions\redhat.java-1.56.0-win32-x64\jre\21.0.12.1-win32-x86_64\bin\management_ext.dll
0x00007fff34460000 - 0x00007fff34468000 	C:\WINDOWS\System32\PSAPI.DLL
0x00007fff30f30000 - 0x00007fff30f4b000 	C:\WINDOWS\SYSTEM32\CRYPTSP.dll
0x00007fff303a0000 - 0x00007fff303d9000 	C:\WINDOWS\system32\rsaenh.dll
0x00007fff30bc0000 - 0x00007fff30bf4000 	C:\WINDOWS\SYSTEM32\USERENV.dll
0x00007fff317d0000 - 0x00007fff317fa000 	C:\WINDOWS\SYSTEM32\bcrypt.dll
0x00007fff30d70000 - 0x00007fff30d7c000 	C:\WINDOWS\SYSTEM32\CRYPTBASE.dll
0x00007fff2fbb0000 - 0x00007fff2fbe3000 	C:\WINDOWS\SYSTEM32\IPHLPAPI.DLL
0x00007fff33a60000 - 0x00007fff33a6a000 	C:\WINDOWS\System32\NSI.dll
0x00007fff0e480000 - 0x00007fff0e489000 	C:\Users\Fintern\.vscode\extensions\redhat.java-1.56.0-win32-x64\jre\21.0.12.1-win32-x86_64\bin\extnet.dll
0x00007fff0e470000 - 0x00007fff0e47e000 	C:\Users\Fintern\.vscode\extensions\redhat.java-1.56.0-win32-x64\jre\21.0.12.1-win32-x86_64\bin\sunmscapi.dll
0x00007fff319a0000 - 0x00007fff31b1e000 	C:\WINDOWS\System32\CRYPT32.dll
0x00007fff310a0000 - 0x00007fff310d0000 	C:\WINDOWS\SYSTEM32\ncrypt.dll
0x00007fff31050000 - 0x00007fff3108f000 	C:\WINDOWS\SYSTEM32\NTASN1.dll
0x00007fff299c0000 - 0x00007fff299c8000 	C:\WINDOWS\system32\wshunix.dll

JVMTI agents:
C:\Users\Fintern\.gradle\wrapper\dists\gradle-8.9-bin\90cnw93cvbtalezasaz0blq0a\gradle-8.9\lib\agents\gradle-instrumentation-agent-8.9.jar path:C:\Users\Fintern\.vscode\extensions\redhat.java-1.56.0-win32-x64\jre\21.0.12.1-win32-x86_64\bin\instrument.dll, loaded, initialized, instrumentlib options:none

dbghelp: loaded successfully - version: 4.0.5 - missing functions: none
symbol engine: initialized successfully - sym options: 0x614 - pdb path: .;C:\Users\Fintern\.vscode\extensions\redhat.java-1.56.0-win32-x64\jre\21.0.12.1-win32-x86_64\bin;C:\WINDOWS\SYSTEM32;C:\WINDOWS\WinSxS\amd64_microsoft.windows.common-controls_6595b64144ccf1df_6.0.26100.9278_none_3e0d1ba8e3303201;C:\Users\Fintern\.vscode\extensions\redhat.java-1.56.0-win32-x64\jre\21.0.12.1-win32-x86_64\bin\server;C:\Users\Fintern\.gradle\native\c067742578af261105cb4f569cf0c3c89f3d7b1fecec35dd04571415982c5e48\windows-amd64;C:\Users\Fintern\.gradle\native\100fb08df4bc3b14c8652ba06237920a3bd2aa13389f12d3474272988ae205f9\windows-amd64

VM Arguments:
jvm_args: -XX:MaxMetaspaceSize=512m -XX:+HeapDumpOnOutOfMemoryError --add-opens=java.base/java.util=ALL-UNNAMED --add-opens=java.base/java.lang=ALL-UNNAMED --add-opens=java.base/java.lang.invoke=ALL-UNNAMED --add-opens=java.prefs/java.util.prefs=ALL-UNNAMED --add-exports=jdk.compiler/com.sun.tools.javac.api=ALL-UNNAMED --add-exports=jdk.compiler/com.sun.tools.javac.util=ALL-UNNAMED --add-opens=java.base/java.nio.charset=ALL-UNNAMED --add-opens=java.base/java.net=ALL-UNNAMED --add-opens=java.base/java.util.concurrent.atomic=ALL-UNNAMED -Xmx2048m -Dfile.encoding=UTF-8 -Duser.country=IN -Duser.language=en -Duser.variant -javaagent:C:\Users\Fintern\.gradle\wrapper\dists\gradle-8.9-bin\90cnw93cvbtalezasaz0blq0a\gradle-8.9\lib\agents\gradle-instrumentation-agent-8.9.jar 
java_command: org.gradle.launcher.daemon.bootstrap.GradleDaemon 8.9
java_class_path (initial): C:\Users\Fintern\.gradle\wrapper\dists\gradle-8.9-bin\90cnw93cvbtalezasaz0blq0a\gradle-8.9\lib\gradle-daemon-main-8.9.jar
Launcher Type: SUN_STANDARD

[Global flags]
     intx CICompilerCount                          = 4                                         {product} {ergonomic}
   size_t CompressedClassSpaceSize                 = 436207616                                 {product} {ergonomic}
     uint ConcGCThreads                            = 2                                         {product} {ergonomic}
     uint G1ConcRefinementThreads                  = 8                                         {product} {ergonomic}
   size_t G1HeapRegionSize                         = 1048576                                   {product} {ergonomic}
    uintx GCDrainStackTargetSize                   = 64                                        {product} {ergonomic}
     bool HeapDumpOnOutOfMemoryError               = true                                   {manageable} {command line}
   size_t InitialHeapSize                          = 260046848                                 {product} {ergonomic}
   size_t MarkStackSize                            = 4194304                                   {product} {ergonomic}
   size_t MaxHeapSize                              = 2147483648                                {product} {command line}
   size_t MaxMetaspaceSize                         = 536870912                                 {product} {command line}
   size_t MaxNewSize                               = 1287651328                                {product} {ergonomic}
   size_t MinHeapDeltaBytes                        = 1048576                                   {product} {ergonomic}
   size_t MinHeapSize                              = 8388608                                   {product} {ergonomic}
    uintx NonNMethodCodeHeapSize                   = 5839372                                {pd product} {ergonomic}
    uintx NonProfiledCodeHeapSize                  = 122909434                              {pd product} {ergonomic}
    uintx ProfiledCodeHeapSize                     = 122909434                              {pd product} {ergonomic}
    uintx ReservedCodeCacheSize                    = 251658240                              {pd product} {ergonomic}
     bool SegmentedCodeCache                       = true                                      {product} {ergonomic}
   size_t SoftMaxHeapSize                          = 2147483648                             {manageable} {ergonomic}
     bool UseCompressedOops                        = true                           {product lp64_product} {ergonomic}
     bool UseG1GC                                  = true                                      {product} {ergonomic}
     bool UseLargePagesIndividualAllocation        = false                                  {pd product} {ergonomic}

Logging:
Log output configuration:
 #0: stdout all=warning uptime,level,tags foldmultilines=false
 #1: stderr all=off uptime,level,tags foldmultilines=false

Release file:
JAVA_VERSION="21.0.12.1" 
MODULES="java.base java.compiler java.datatransfer java.xml java.prefs java.desktop java.instrument java.logging java.management java.security.sasl java.naming java.rmi java.management.rmi java.net.http java.scripting java.security.jgss java.transaction.xa java.sql java.sql.rowset java.xml.crypto java.se java.smartcardio jdk.accessibility jdk.internal.jvmstat jdk.attach jdk.charsets jdk.internal.opt jdk.zipfs jdk.compiler jdk.crypto.ec jdk.crypto.cryptoki jdk.crypto.mscapi jdk.dynalink jdk.internal.ed jdk.editpad jdk.hotspot.agent jdk.httpserver jdk.internal.le jdk.internal.vm.ci jdk.internal.vm.compiler jdk.internal.vm.compiler.management jdk.jartool jdk.javadoc jdk.jcmd jdk.management jdk.management.agent jdk.jconsole jdk.jdeps jdk.jdwp.agent jdk.jdi jdk.jfr jdk.jshell jdk.jsobject jdk.jstatd jdk.localedata jdk.management.jfr jdk.naming.dns jdk.naming.rmi jdk.net jdk.nio.mapmode jdk.random jdk.sctp jdk.security.auth jdk.security.jgss jdk.unsupported jdk.unsupported.desktop jdk.xml.dom" 

Environment Variables:
JAVA_HOME=C:\Program Files\Java\jdk-17
PATH=C:\Program Files\Eclipse Adoptium\jdk-17.0.18.8-hotspot\bin;C:\Program Files\Common Files\Oracle\Java\javapath;C:\Python313\Scripts\;C:\Python313\;C:\WINDOWS\system32;C:\WINDOWS;C:\WINDOWS\System32\Wbem;C:\WINDOWS\System32\WindowsPowerShell\v1.0\;C:\WINDOWS\System32\OpenSSH\;C:\Program Files\dotnet\;C:\ProgramData\chocolatey\bin;C:\Program Files\Git\cmd;C:\Program Files\Amazon\AWSCLIV2\;C:\Program Files\Java\jdk-17\bin;C:\Program Files\nodejs\;C:\Users\Fintern\AppData\Local\Android\Sdk\platform-tools;C:\Program Files\Docker\Docker\resources\bin;%MAVEN_HOME%\bin;C:\Program Files\apache-maven-3.9.11\bin;C:\Program Files\Java\jdk-17\bin;C:\Program Files\MySQL\MySQL Shell 8.0\bin\;C:\Users\Fintern\AppData\Local\Microsoft\WindowsApps;C:\Users\Fintern\AppData\Local\Programs\Microsoft VS Code\bin;C:\Program Files\JetBrains\IntelliJ IDEA Community Edition 2025.2.1\bin;C:\Users\Fintern\AppData\Roaming\npm;C:\Program Files\mongosh\
USERNAME=Fintern
OS=Windows_NT
PROCESSOR_IDENTIFIER=Intel64 Family 6 Model 140 Stepping 1, GenuineIntel
TMP=C:\Users\Fintern\AppData\Local\Temp
TEMP=C:\Users\Fintern\AppData\Local\Temp




Periodic native trim disabled

---------------  S Y S T E M  ---------------

OS:
 Windows 11 , 64 bit Build 26100 (10.0.26100.9444)
OS uptime: 5 days 17:35 hours
Hyper-V role detected

CPU: total 8 (initial active 8) (4 cores per cpu, 2 threads per core) family 6 model 140 stepping 1 microcode 0xbe, cx8, cmov, fxsr, ht, mmx, 3dnowpref, sse, sse2, sse3, ssse3, sse4.1, sse4.2, popcnt, lzcnt, tsc, tscinvbit, avx, avx2, aes, erms, clmul, bmi1, bmi2, adx, avx512f, avx512dq, avx512cd, avx512bw, avx512vl, sha, fma, vzeroupper, avx512_vpopcntdq, avx512_vpclmulqdq, avx512_vaes, avx512_vnni, clflush, clflushopt, clwb, avx512_vbmi2, avx512_vbmi, hv, rdtscp, rdpid, fsrm, gfni, avx512_bitalg, f16c, cet_ibt, cet_ss, avx512_ifma
Processor Information for the first 8 processors :
  Max Mhz: 1805, Current Mhz: 1805, Mhz Limit: 1805

Memory: 4k page, system-wide physical 15765M (307M free)
TotalPageFile size 46107M (AvailPageFile size 5M)
current process WorkingSet (physical memory assigned to process): 153M, peak: 219M
current process commit charge ("private bytes"): 270M, peak: 409M

vm_info: OpenJDK 64-Bit Server VM (21.0.12.1+1-LTS) for windows-amd64 JRE (21.0.12.1+1-LTS), built on 2026-08-18T00:00:00Z by "admin" with MS VC++ 17.12 (VS2022)

END.
