#
# There is insufficient memory for the Java Runtime Environment to continue.
# Native memory allocation (malloc) failed to allocate 278992 bytes. Error detail: Chunk::new
# Possible reasons:
#   The system is out of physical RAM or swap space
#   This process is running with CompressedOops enabled, and the Java Heap may be blocking the growth of the native heap
# Possible solutions:
#   Reduce memory load on the system
#   Increase physical memory or swap space
#   Check if swap backing store is full
#   Decrease Java heap size (-Xmx/-Xms)
#   Decrease number of Java threads
#   Decrease Java thread stack sizes (-Xss)
#   Set larger code cache with -XX:ReservedCodeCacheSize=
#   JVM is running with Unscaled Compressed Oops mode in which the Java heap is
#     placed in the first 4GB address space. The Java Heap base address is the
#     maximum limit for the native heap growth. Please use -XX:HeapBaseMinAddress
#     to set the Java Heap base and to place the Java Heap above 4GB virtual address.
# This output file may be truncated or incomplete.
#
#  Out of Memory Error (arena.cpp:168), pid=24500, tid=37392
#
# JRE version: OpenJDK Runtime Environment Temurin-21.0.12.1+1 (21.0.12.1+1) (build 21.0.12.1+1-LTS)
# Java VM: OpenJDK 64-Bit Server VM Temurin-21.0.12.1+1 (21.0.12.1+1-LTS, mixed mode, sharing, tiered, compressed oops, compressed class ptrs, g1 gc, windows-amd64)
# No core dump will be written. Minidumps are not enabled by default on client versions of Windows
#

---------------  S U M M A R Y ------------

Command Line: -XX:MaxMetaspaceSize=512m -XX:+HeapDumpOnOutOfMemoryError --add-opens=java.base/java.util=ALL-UNNAMED --add-opens=java.base/java.lang=ALL-UNNAMED --add-opens=java.base/java.lang.invoke=ALL-UNNAMED --add-opens=java.prefs/java.util.prefs=ALL-UNNAMED --add-exports=jdk.compiler/com.sun.tools.javac.api=ALL-UNNAMED --add-exports=jdk.compiler/com.sun.tools.javac.util=ALL-UNNAMED --add-opens=java.base/java.nio.charset=ALL-UNNAMED --add-opens=java.base/java.net=ALL-UNNAMED --add-opens=java.base/java.util.concurrent.atomic=ALL-UNNAMED -Xmx2048m -Dfile.encoding=UTF-8 -Duser.country=IN -Duser.language=en -Duser.variant -javaagent:C:\Users\Fintern\.gradle\wrapper\dists\gradle-8.9-bin\90cnw93cvbtalezasaz0blq0a\gradle-8.9\lib\agents\gradle-instrumentation-agent-8.9.jar org.gradle.launcher.daemon.bootstrap.GradleDaemon 8.9

Host: 11th Gen Intel(R) Core(TM) i7-1185G7 @ 3.00GHz, 8 cores, 15G,  Windows 11 , 64 bit Build 26100 (10.0.26100.9444)
Time: Tue Sep 29 06:21:42 2026 India Standard Time elapsed time: 351.439375 seconds (0d 0h 5m 51s)

---------------  T H R E A D  ---------------

Current thread (0x0000024337045b20):  JavaThread "C2 CompilerThread0" daemon [_thread_in_native, id=37392, stack(0x000000d2f7d00000,0x000000d2f7e00000) (1024K)]


Current CompileTask:
C2:351439 5594       4       groovy.lang.MetaClassImpl$1MOPIter::methodNameAction (325 bytes)

Stack: [0x000000d2f7d00000,0x000000d2f7e00000]
Native frames: (J=compiled Java code, j=interpreted, Vv=VM code, C=native code)
V  [jvm.dll+0x6d83e9]
V  [jvm.dll+0x8b5736]
V  [jvm.dll+0x8b7cee]
V  [jvm.dll+0x8b83d3]
V  [jvm.dll+0x284596]
V  [jvm.dll+0xc685d]
V  [jvm.dll+0xc6da1]
V  [jvm.dll+0x1422bf]
V  [jvm.dll+0x666c03]
V  [jvm.dll+0x66510b]
V  [jvm.dll+0x24c57b]
V  [jvm.dll+0x24bce0]
V  [jvm.dll+0x1cb4ae]
V  [jvm.dll+0x25baad]
V  [jvm.dll+0x25a03a]
V  [jvm.dll+0x3f8aae]
V  [jvm.dll+0x8600cd]
V  [jvm.dll+0x6d6c1d]
C  [ucrtbase.dll+0x2cd30]
C  [KERNEL32.DLL+0x2cd87]
C  [ntdll.dll+0xacaec]


---------------  P R O C E S S  ---------------

Threads class SMR info:
_java_thread_list=0x000002433d3db020, length=36, elements={
0x000002430483ed80, 0x0000024337031310, 0x0000024337033f30, 0x0000024337041f80,
0x0000024337041260, 0x000002433703feb0, 0x0000024337042610, 0x0000024337045b20,
0x00000243370483d0, 0x0000024337040bd0, 0x000002433703f820, 0x0000024337042ca0,
0x0000024337040540, 0x00000243370418f0, 0x000002433c439610, 0x000002433c437bd0,
0x000002433c439ca0, 0x000002433c438260, 0x000002433c4388f0, 0x000002433c43a330,
0x000002433c438f80, 0x000002433c436eb0, 0x000002433c43ca90, 0x000002433c43d120,
0x000002433c43e4d0, 0x000002433c43d7b0, 0x000002433c43c400, 0x000002433c43b6e0,
0x000002433c43bd70, 0x000002433c43de40, 0x000002433e659b20, 0x000002433e65a1b0,
0x000002433e658e00, 0x000002433e65aed0, 0x000002433e65bbf0, 0x000002433e65c280
}

Java Threads: ( => current thread )
  0x000002430483ed80 JavaThread "main"                              [_thread_blocked, id=14048, stack(0x000000d2f6f00000,0x000000d2f7000000) (1024K)]
  0x0000024337031310 JavaThread "Reference Handler"          daemon [_thread_blocked, id=37348, stack(0x000000d2f7700000,0x000000d2f7800000) (1024K)]
  0x0000024337033f30 JavaThread "Finalizer"                  daemon [_thread_blocked, id=37352, stack(0x000000d2f7800000,0x000000d2f7900000) (1024K)]
  0x0000024337041f80 JavaThread "Signal Dispatcher"          daemon [_thread_blocked, id=37356, stack(0x000000d2f7900000,0x000000d2f7a00000) (1024K)]
  0x0000024337041260 JavaThread "Attach Listener"            daemon [_thread_blocked, id=37372, stack(0x000000d2f7a00000,0x000000d2f7b00000) (1024K)]
  0x000002433703feb0 JavaThread "Service Thread"             daemon [_thread_blocked, id=37384, stack(0x000000d2f7b00000,0x000000d2f7c00000) (1024K)]
  0x0000024337042610 JavaThread "Monitor Deflation Thread"   daemon [_thread_blocked, id=37388, stack(0x000000d2f7c00000,0x000000d2f7d00000) (1024K)]
=>0x0000024337045b20 JavaThread "C2 CompilerThread0"         daemon [_thread_in_native, id=37392, stack(0x000000d2f7d00000,0x000000d2f7e00000) (1024K)]
  0x00000243370483d0 JavaThread "C1 CompilerThread0"         daemon [_thread_blocked, id=37396, stack(0x000000d2f7e00000,0x000000d2f7f00000) (1024K)]
  0x0000024337040bd0 JavaThread "Common-Cleaner"             daemon [_thread_blocked, id=37400, stack(0x000000d2f7f00000,0x000000d2f8000000) (1024K)]
  0x000002433703f820 JavaThread "Notification Thread"        daemon [_thread_blocked, id=37404, stack(0x000000d2f8000000,0x000000d2f8100000) (1024K)]
  0x0000024337042ca0 JavaThread "Daemon health stats"               [_thread_blocked, id=29060, stack(0x000000d2f8500000,0x000000d2f8600000) (1024K)]
  0x0000024337040540 JavaThread "Incoming local TCP Connector on port 54969"        [_thread_in_native, id=10760, stack(0x000000d2f8600000,0x000000d2f8700000) (1024K)]
  0x00000243370418f0 JavaThread "Daemon periodic checks"            [_thread_blocked, id=36680, stack(0x000000d2f8700000,0x000000d2f8800000) (1024K)]
  0x000002433c439610 JavaThread "Daemon"                            [_thread_blocked, id=26684, stack(0x000000d2f8800000,0x000000d2f8900000) (1024K)]
  0x000002433c437bd0 JavaThread "Handler for socket connection from /127.0.0.1:54969 to /127.0.0.1:54970"        [_thread_in_native, id=28668, stack(0x000000d2f8900000,0x000000d2f8a00000) (1024K)]
  0x000002433c439ca0 JavaThread "Cancel handler"                    [_thread_blocked, id=10296, stack(0x000000d2f8a00000,0x000000d2f8b00000) (1024K)]
  0x000002433c438260 JavaThread "Daemon worker"                     [_thread_in_native, id=37116, stack(0x000000d2f8b00000,0x000000d2f8c00000) (1024K)]
  0x000002433c4388f0 JavaThread "Asynchronous log dispatcher for DefaultDaemonConnection: socket connection from /127.0.0.1:54969 to /127.0.0.1:54970"        [_thread_blocked, id=35132, stack(0x000000d2f8c00000,0x000000d2f8d00000) (1024K)]
  0x000002433c43a330 JavaThread "Stdin handler"                     [_thread_blocked, id=23604, stack(0x000000d2f8d00000,0x000000d2f8e00000) (1024K)]
  0x000002433c438f80 JavaThread "Daemon client event forwarder"        [_thread_blocked, id=33240, stack(0x000000d2f8e00000,0x000000d2f8f00000) (1024K)]
  0x000002433c436eb0 JavaThread "Cache worker for journal cache (C:\Users\Fintern\.gradle\caches\journal-1)"        [_thread_blocked, id=18396, stack(0x000000d2f8f00000,0x000000d2f9000000) (1024K)]
  0x000002433c43ca90 JavaThread "File lock request listener"        [_thread_in_native, id=30304, stack(0x000000d2f9000000,0x000000d2f9100000) (1024K)]
  0x000002433c43d120 JavaThread "Cache worker for file hash cache (C:\Users\Fintern\.gradle\caches\8.9\fileHashes)"        [_thread_blocked, id=29912, stack(0x000000d2f9500000,0x000000d2f9600000) (1024K)]
  0x000002433c43e4d0 JavaThread "Cache worker for file hash cache (D:\Projects\ResumeProjects\Level_2_2_Job-portal-full-stack\mobile_frontend_CLI\node_modules\react-native-gesture-handler\android\.gradle\8.9\fileHashes)"        [_thread_blocked, id=16548, stack(0x000000d2f9700000,0x000000d2f9800000) (1024K)]
  0x000002433c43d7b0 JavaThread "Cache worker for Build Output Cleanup Cache (D:\Projects\ResumeProjects\Level_2_2_Job-portal-full-stack\mobile_frontend_CLI\node_modules\react-native-gesture-handler\android\.gradle\buildOutputCleanup)"        [_thread_blocked, id=9408, stack(0x000000d2f9800000,0x000000d2f9900000) (1024K)]
  0x000002433c43c400 JavaThread "File watcher server"        daemon [_thread_in_native, id=14844, stack(0x000000d2f9900000,0x000000d2f9a00000) (1024K)]
  0x000002433c43b6e0 JavaThread "File watcher consumer"      daemon [_thread_blocked, id=37148, stack(0x000000d2f9a00000,0x000000d2f9b00000) (1024K)]
  0x000002433c43bd70 JavaThread "Cache worker for checksums cache (D:\Projects\ResumeProjects\Level_2_2_Job-portal-full-stack\mobile_frontend_CLI\node_modules\react-native-gesture-handler\android\.gradle\8.9\checksums)"        [_thread_blocked, id=26872, stack(0x000000d2f9b00000,0x000000d2f9c00000) (1024K)]
  0x000002433c43de40 JavaThread "Cache worker for file content cache (C:\Users\Fintern\.gradle\caches\8.9\fileContent)"        [_thread_blocked, id=28628, stack(0x000000d2f9c00000,0x000000d2f9d00000) (1024K)]
  0x000002433e659b20 JavaThread "Cache worker for cache directory md-rule (C:\Users\Fintern\.gradle\caches\8.9\md-rule)"        [_thread_blocked, id=30684, stack(0x000000d2f9d00000,0x000000d2f9e00000) (1024K)]
  0x000002433e65a1b0 JavaThread "Cache worker for cache directory md-supplier (C:\Users\Fintern\.gradle\caches\8.9\md-supplier)"        [_thread_blocked, id=16432, stack(0x000000d2f9e00000,0x000000d2f9f00000) (1024K)]
  0x000002433e658e00 JavaThread "jar transforms"                    [_thread_blocked, id=26128, stack(0x000000d2f6d00000,0x000000d2f6e00000) (1024K)]
  0x000002433e65aed0 JavaThread "jar transforms Thread 2"           [_thread_blocked, id=39100, stack(0x000000d2f6e00000,0x000000d2f6f00000) (1024K)]
  0x000002433e65bbf0 JavaThread "File lock release action executor Thread 2"        [_thread_blocked, id=40128, stack(0x000000d2f9100000,0x000000d2f9200000) (1024K)]
  0x000002433e65c280 JavaThread "jar transforms Thread 3"           [_thread_blocked, id=12628, stack(0x000000d2fa100000,0x000000d2fa200000) (1024K)]
Total: 36

Other Threads:
  0x00000243370121f0 VMThread "VM Thread"                           [id=37332, stack(0x000000d2f7600000,0x000000d2f7700000) (1024K)]
  0x000002431bfeb600 WatcherThread "VM Periodic Task Thread"        [id=37340, stack(0x000000d2f7500000,0x000000d2f7600000) (1024K)]
  0x0000024304897f30 WorkerThread "GC Thread#0"                     [id=36844, stack(0x000000d2f7000000,0x000000d2f7100000) (1024K)]
  0x0000024337572690 WorkerThread "GC Thread#1"                     [id=37436, stack(0x000000d2f8100000,0x000000d2f8200000) (1024K)]
  0x00000243373b8910 WorkerThread "GC Thread#2"                     [id=37540, stack(0x000000d2f8200000,0x000000d2f8300000) (1024K)]
  0x0000024337341930 WorkerThread "GC Thread#3"                     [id=37532, stack(0x000000d2f8300000,0x000000d2f8400000) (1024K)]
  0x000002433c02c530 WorkerThread "GC Thread#4"                     [id=37496, stack(0x000000d2f8400000,0x000000d2f8500000) (1024K)]
  0x000002433cdeba60 WorkerThread "GC Thread#5"                     [id=32948, stack(0x000000d2f9200000,0x000000d2f9300000) (1024K)]
  0x000002433cdebe10 WorkerThread "GC Thread#6"                     [id=6948, stack(0x000000d2f9300000,0x000000d2f9400000) (1024K)]
  0x000002433cdec1c0 WorkerThread "GC Thread#7"                     [id=2664, stack(0x000000d2f9400000,0x000000d2f9500000) (1024K)]
  0x00000243048a8e30 ConcurrentGCThread "G1 Main Marker"            [id=34452, stack(0x000000d2f7100000,0x000000d2f7200000) (1024K)]
  0x00000243048aa860 WorkerThread "G1 Conc#0"                       [id=22676, stack(0x000000d2f7200000,0x000000d2f7300000) (1024K)]
  0x000002433f7b9860 WorkerThread "G1 Conc#1"                       [id=27900, stack(0x000000d2f9600000,0x000000d2f9700000) (1024K)]
  0x000002431bebade0 ConcurrentGCThread "G1 Refine#0"               [id=31344, stack(0x000000d2f7300000,0x000000d2f7400000) (1024K)]
  0x000002431bebc620 ConcurrentGCThread "G1 Service"                [id=37312, stack(0x000000d2f7400000,0x000000d2f7500000) (1024K)]
Total: 15

Threads with active compile tasks:
C2 CompilerThread0  351541 5594       4       groovy.lang.MetaClassImpl$1MOPIter::methodNameAction (325 bytes)
Total: 1

VM state: not at safepoint (normal execution)

VM Mutex/Monitor currently owned by a thread: None

Heap address: 0x0000000080000000, size: 2048 MB, Compressed Oops mode: 32-bit

CDS archive(s) mapped at: [0x000002431c000000-0x000002431cba0000-0x000002431cba0000), size 12189696, SharedBaseAddress: 0x000002431c000000, ArchiveRelocationMode: 1.
Compressed class space mapped at: 0x000002431d000000-0x0000024337000000, reserved size: 436207616
Narrow klass base: 0x000002431c000000, Narrow klass shift: 0, Narrow klass range: 0x100000000

GC Precious Log:
 CardTable entry size: 512
 Card Set container configuration: InlinePtr #cards 5 size 8 Array Of Cards #cards 12 size 40 Howl #buckets 4 coarsen threshold 1843 Howl Bitmap #cards 512 size 80 coarsen threshold 460 Card regions per heap region 1 cards per card region 2048
 CPUs: 8 total, 8 available
 Memory: 15765M
 Large Page Support: Disabled
 NUMA Support: Disabled
 Compressed Oops: Enabled (32-bit)
 Heap Region Size: 1M
 Heap Min Capacity: 8M
 Heap Initial Capacity: 248M
 Heap Max Capacity: 2G
 Pre-touch: Disabled
 Parallel Workers: 8
 Concurrent Workers: 2
 Concurrent Refinement Workers: 8
 Periodic GC: Disabled

Heap:
 garbage-first heap   total 92160K, used 48208K [0x0000000080000000, 0x0000000100000000)
  region size 1024K, 15 young (15360K), 3 survivors (3072K)
 Metaspace       used 43903K, committed 45376K, reserved 491520K
  class space    used 6274K, committed 6976K, reserved 425984K

Heap Regions: E=young(eden), S=young(survivor), O=old, HS=humongous(starts), HC=humongous(continues), CS=collection set, F=free, TAMS=top-at-mark-start, PB=parsable bottom
|   0|0x0000000080000000, 0x0000000080100000, 0x0000000080100000|100%|HS|  |TAMS 0x0000000080000000| PB 0x0000000080000000| Complete 
|   1|0x0000000080100000, 0x0000000080200000, 0x0000000080200000|100%|HC|  |TAMS 0x0000000080100000| PB 0x0000000080100000| Complete 
|   2|0x0000000080200000, 0x0000000080300000, 0x0000000080300000|100%|HC|  |TAMS 0x0000000080200000| PB 0x0000000080200000| Complete 
|   3|0x0000000080300000, 0x0000000080400000, 0x0000000080400000|100%|HC|  |TAMS 0x0000000080300000| PB 0x0000000080300000| Complete 
|   4|0x0000000080400000, 0x0000000080500000, 0x0000000080500000|100%| O|  |TAMS 0x0000000080400000| PB 0x0000000080400000| Untracked 
|   5|0x0000000080500000, 0x0000000080600000, 0x0000000080600000|100%| O|  |TAMS 0x0000000080500000| PB 0x0000000080500000| Untracked 
|   6|0x0000000080600000, 0x0000000080700000, 0x0000000080700000|100%| O|  |TAMS 0x0000000080600000| PB 0x0000000080600000| Untracked 
|   7|0x0000000080700000, 0x0000000080800000, 0x0000000080800000|100%| O|  |TAMS 0x0000000080700000| PB 0x0000000080700000| Untracked 
|   8|0x0000000080800000, 0x0000000080900000, 0x0000000080900000|100%| O|  |TAMS 0x0000000080800000| PB 0x0000000080800000| Untracked 
|   9|0x0000000080900000, 0x0000000080a00000, 0x0000000080a00000|100%| O|  |TAMS 0x0000000080900000| PB 0x0000000080900000| Untracked 
|  10|0x0000000080a00000, 0x0000000080b00000, 0x0000000080b00000|100%| O|  |TAMS 0x0000000080a00000| PB 0x0000000080a00000| Untracked 
|  11|0x0000000080b00000, 0x0000000080c00000, 0x0000000080c00000|100%|HS|  |TAMS 0x0000000080b00000| PB 0x0000000080b00000| Complete 
|  12|0x0000000080c00000, 0x0000000080d00000, 0x0000000080d00000|100%| O|  |TAMS 0x0000000080c00000| PB 0x0000000080c00000| Untracked 
|  13|0x0000000080d00000, 0x0000000080e00000, 0x0000000080e00000|100%| O|  |TAMS 0x0000000080d00000| PB 0x0000000080d00000| Untracked 
|  14|0x0000000080e00000, 0x0000000080f00000, 0x0000000080f00000|100%| O|  |TAMS 0x0000000080e00000| PB 0x0000000080e00000| Untracked 
|  15|0x0000000080f00000, 0x0000000081000000, 0x0000000081000000|100%| O|  |TAMS 0x0000000080f00000| PB 0x0000000080f00000| Untracked 
|  16|0x0000000081000000, 0x0000000081100000, 0x0000000081100000|100%| O|  |TAMS 0x0000000081000000| PB 0x0000000081000000| Untracked 
|  17|0x0000000081100000, 0x0000000081200000, 0x0000000081200000|100%| O|  |TAMS 0x0000000081100000| PB 0x0000000081100000| Untracked 
|  18|0x0000000081200000, 0x0000000081300000, 0x0000000081300000|100%| O|  |TAMS 0x0000000081200000| PB 0x0000000081200000| Untracked 
|  19|0x0000000081300000, 0x0000000081400000, 0x0000000081400000|100%| O|  |TAMS 0x0000000081300000| PB 0x0000000081300000| Untracked 
|  20|0x0000000081400000, 0x0000000081500000, 0x0000000081500000|100%| O|  |TAMS 0x0000000081400000| PB 0x0000000081400000| Untracked 
|  21|0x0000000081500000, 0x0000000081600000, 0x0000000081600000|100%| O|  |TAMS 0x0000000081500000| PB 0x0000000081500000| Untracked 
|  22|0x0000000081600000, 0x0000000081700000, 0x0000000081700000|100%| O|  |TAMS 0x0000000081600000| PB 0x0000000081600000| Untracked 
|  23|0x0000000081700000, 0x0000000081800000, 0x0000000081800000|100%| O|  |TAMS 0x0000000081700000| PB 0x0000000081700000| Untracked 
|  24|0x0000000081800000, 0x0000000081900000, 0x0000000081900000|100%| O|  |TAMS 0x0000000081800000| PB 0x0000000081800000| Untracked 
|  25|0x0000000081900000, 0x0000000081900000, 0x0000000081a00000|  0%| F|  |TAMS 0x0000000081900000| PB 0x0000000081900000| Untracked 
|  26|0x0000000081a00000, 0x0000000081b00000, 0x0000000081b00000|100%| O|  |TAMS 0x0000000081a00000| PB 0x0000000081a00000| Untracked 
|  27|0x0000000081b00000, 0x0000000081b00000, 0x0000000081c00000|  0%| F|  |TAMS 0x0000000081b00000| PB 0x0000000081b00000| Untracked 
|  28|0x0000000081c00000, 0x0000000081c00000, 0x0000000081d00000|  0%| F|  |TAMS 0x0000000081c00000| PB 0x0000000081c00000| Untracked 
|  29|0x0000000081d00000, 0x0000000081e00000, 0x0000000081e00000|100%| O|  |TAMS 0x0000000081d00000| PB 0x0000000081d00000| Untracked 
|  30|0x0000000081e00000, 0x0000000081f00000, 0x0000000081f00000|100%| O|  |TAMS 0x0000000081e00000| PB 0x0000000081e00000| Untracked 
|  31|0x0000000081f00000, 0x0000000082000000, 0x0000000082000000|100%| O|  |TAMS 0x0000000081f00000| PB 0x0000000081f00000| Untracked 
|  32|0x0000000082000000, 0x0000000082100000, 0x0000000082100000|100%| O|  |TAMS 0x0000000082000000| PB 0x0000000082000000| Untracked 
|  33|0x0000000082100000, 0x0000000082200000, 0x0000000082200000|100%| O|  |TAMS 0x0000000082100000| PB 0x0000000082100000| Untracked 
|  34|0x0000000082200000, 0x0000000082200000, 0x0000000082300000|  0%| F|  |TAMS 0x0000000082200000| PB 0x0000000082200000| Untracked 
|  35|0x0000000082300000, 0x0000000082300000, 0x0000000082400000|  0%| F|  |TAMS 0x0000000082300000| PB 0x0000000082300000| Untracked 
|  36|0x0000000082400000, 0x0000000082400000, 0x0000000082500000|  0%| F|  |TAMS 0x0000000082400000| PB 0x0000000082400000| Untracked 
|  37|0x0000000082500000, 0x0000000082500000, 0x0000000082600000|  0%| F|  |TAMS 0x0000000082500000| PB 0x0000000082500000| Untracked 
|  38|0x0000000082600000, 0x0000000082700000, 0x0000000082700000|100%| O|  |TAMS 0x0000000082600000| PB 0x0000000082600000| Untracked 
|  39|0x0000000082700000, 0x0000000082800000, 0x0000000082800000|100%| O|  |TAMS 0x0000000082700000| PB 0x0000000082700000| Untracked 
|  40|0x0000000082800000, 0x00000000828d6c50, 0x0000000082900000| 83%| O|  |TAMS 0x0000000082800000| PB 0x0000000082800000| Untracked 
|  41|0x0000000082900000, 0x000000008293d5d0, 0x0000000082a00000| 23%| S|CS|TAMS 0x0000000082900000| PB 0x0000000082900000| Complete 
|  42|0x0000000082a00000, 0x0000000082b00000, 0x0000000082b00000|100%| S|CS|TAMS 0x0000000082a00000| PB 0x0000000082a00000| Complete 
|  43|0x0000000082b00000, 0x0000000082c00000, 0x0000000082c00000|100%| S|CS|TAMS 0x0000000082b00000| PB 0x0000000082b00000| Complete 
|  44|0x0000000082c00000, 0x0000000082c00000, 0x0000000082d00000|  0%| F|  |TAMS 0x0000000082c00000| PB 0x0000000082c00000| Untracked 
|  45|0x0000000082d00000, 0x0000000082d00000, 0x0000000082e00000|  0%| F|  |TAMS 0x0000000082d00000| PB 0x0000000082d00000| Untracked 
|  46|0x0000000082e00000, 0x0000000082e00000, 0x0000000082f00000|  0%| F|  |TAMS 0x0000000082e00000| PB 0x0000000082e00000| Untracked 
|  47|0x0000000082f00000, 0x0000000082f00000, 0x0000000083000000|  0%| F|  |TAMS 0x0000000082f00000| PB 0x0000000082f00000| Untracked 
|  48|0x0000000083000000, 0x0000000083000000, 0x0000000083100000|  0%| F|  |TAMS 0x0000000083000000| PB 0x0000000083000000| Untracked 
|  49|0x0000000083100000, 0x0000000083100000, 0x0000000083200000|  0%| F|  |TAMS 0x0000000083100000| PB 0x0000000083100000| Untracked 
|  50|0x0000000083200000, 0x0000000083200000, 0x0000000083300000|  0%| F|  |TAMS 0x0000000083200000| PB 0x0000000083200000| Untracked 
|  51|0x0000000083300000, 0x0000000083300000, 0x0000000083400000|  0%| F|  |TAMS 0x0000000083300000| PB 0x0000000083300000| Untracked 
|  52|0x0000000083400000, 0x0000000083400000, 0x0000000083500000|  0%| F|  |TAMS 0x0000000083400000| PB 0x0000000083400000| Untracked 
|  53|0x0000000083500000, 0x0000000083500000, 0x0000000083600000|  0%| F|  |TAMS 0x0000000083500000| PB 0x0000000083500000| Untracked 
|  54|0x0000000083600000, 0x0000000083600000, 0x0000000083700000|  0%| F|  |TAMS 0x0000000083600000| PB 0x0000000083600000| Untracked 
|  55|0x0000000083700000, 0x0000000083700000, 0x0000000083800000|  0%| F|  |TAMS 0x0000000083700000| PB 0x0000000083700000| Untracked 
|  56|0x0000000083800000, 0x0000000083800000, 0x0000000083900000|  0%| F|  |TAMS 0x0000000083800000| PB 0x0000000083800000| Untracked 
|  57|0x0000000083900000, 0x0000000083900000, 0x0000000083a00000|  0%| F|  |TAMS 0x0000000083900000| PB 0x0000000083900000| Untracked 
|  58|0x0000000083a00000, 0x0000000083a00000, 0x0000000083b00000|  0%| F|  |TAMS 0x0000000083a00000| PB 0x0000000083a00000| Untracked 
|  59|0x0000000083b00000, 0x0000000083b00000, 0x0000000083c00000|  0%| F|  |TAMS 0x0000000083b00000| PB 0x0000000083b00000| Untracked 
|  60|0x0000000083c00000, 0x0000000083c00000, 0x0000000083d00000|  0%| F|  |TAMS 0x0000000083c00000| PB 0x0000000083c00000| Untracked 
|  61|0x0000000083d00000, 0x0000000083d00000, 0x0000000083e00000|  0%| F|  |TAMS 0x0000000083d00000| PB 0x0000000083d00000| Untracked 
|  62|0x0000000083e00000, 0x0000000083e00000, 0x0000000083f00000|  0%| F|  |TAMS 0x0000000083e00000| PB 0x0000000083e00000| Untracked 
|  63|0x0000000083f00000, 0x0000000083f00000, 0x0000000084000000|  0%| F|  |TAMS 0x0000000083f00000| PB 0x0000000083f00000| Untracked 
|  64|0x0000000084000000, 0x0000000084000000, 0x0000000084100000|  0%| F|  |TAMS 0x0000000084000000| PB 0x0000000084000000| Untracked 
|  65|0x0000000084100000, 0x0000000084100000, 0x0000000084200000|  0%| F|  |TAMS 0x0000000084100000| PB 0x0000000084100000| Untracked 
|  66|0x0000000084200000, 0x0000000084200000, 0x0000000084300000|  0%| F|  |TAMS 0x0000000084200000| PB 0x0000000084200000| Untracked 
|  67|0x0000000084300000, 0x0000000084300000, 0x0000000084400000|  0%| F|  |TAMS 0x0000000084300000| PB 0x0000000084300000| Untracked 
|  68|0x0000000084400000, 0x0000000084400000, 0x0000000084500000|  0%| F|  |TAMS 0x0000000084400000| PB 0x0000000084400000| Untracked 
|  69|0x0000000084500000, 0x0000000084500000, 0x0000000084600000|  0%| F|  |TAMS 0x0000000084500000| PB 0x0000000084500000| Untracked 
|  70|0x0000000084600000, 0x0000000084600000, 0x0000000084700000|  0%| F|  |TAMS 0x0000000084600000| PB 0x0000000084600000| Untracked 
|  71|0x0000000084700000, 0x0000000084700000, 0x0000000084800000|  0%| F|  |TAMS 0x0000000084700000| PB 0x0000000084700000| Untracked 
|  72|0x0000000084800000, 0x0000000084800000, 0x0000000084900000|  0%| F|  |TAMS 0x0000000084800000| PB 0x0000000084800000| Untracked 
|  73|0x0000000084900000, 0x0000000084900000, 0x0000000084a00000|  0%| F|  |TAMS 0x0000000084900000| PB 0x0000000084900000| Untracked 
|  74|0x0000000084a00000, 0x0000000084a00000, 0x0000000084b00000|  0%| F|  |TAMS 0x0000000084a00000| PB 0x0000000084a00000| Untracked 
|  75|0x0000000084b00000, 0x0000000084b00000, 0x0000000084c00000|  0%| F|  |TAMS 0x0000000084b00000| PB 0x0000000084b00000| Untracked 
| 192|0x000000008c000000, 0x000000008c000000, 0x000000008c100000|  0%| F|  |TAMS 0x000000008c000000| PB 0x000000008c000000| Untracked 
| 193|0x000000008c100000, 0x000000008c100000, 0x000000008c200000|  0%| F|  |TAMS 0x000000008c100000| PB 0x000000008c100000| Untracked 
| 194|0x000000008c200000, 0x000000008c300000, 0x000000008c300000|100%| E|  |TAMS 0x000000008c200000| PB 0x000000008c200000| Complete 
| 195|0x000000008c300000, 0x000000008c400000, 0x000000008c400000|100%| E|CS|TAMS 0x000000008c300000| PB 0x000000008c300000| Complete 
| 196|0x000000008c400000, 0x000000008c500000, 0x000000008c500000|100%| E|CS|TAMS 0x000000008c400000| PB 0x000000008c400000| Complete 
| 197|0x000000008c500000, 0x000000008c600000, 0x000000008c600000|100%| E|CS|TAMS 0x000000008c500000| PB 0x000000008c500000| Complete 
| 198|0x000000008c600000, 0x000000008c700000, 0x000000008c700000|100%| E|CS|TAMS 0x000000008c600000| PB 0x000000008c600000| Complete 
| 199|0x000000008c700000, 0x000000008c800000, 0x000000008c800000|100%| E|CS|TAMS 0x000000008c700000| PB 0x000000008c700000| Complete 
| 200|0x000000008c800000, 0x000000008c900000, 0x000000008c900000|100%| E|CS|TAMS 0x000000008c800000| PB 0x000000008c800000| Complete 
| 201|0x000000008c900000, 0x000000008ca00000, 0x000000008ca00000|100%| E|CS|TAMS 0x000000008c900000| PB 0x000000008c900000| Complete 
| 202|0x000000008ca00000, 0x000000008cb00000, 0x000000008cb00000|100%| E|CS|TAMS 0x000000008ca00000| PB 0x000000008ca00000| Complete 
| 203|0x000000008cb00000, 0x000000008cc00000, 0x000000008cc00000|100%| E|CS|TAMS 0x000000008cb00000| PB 0x000000008cb00000| Complete 
| 204|0x000000008cc00000, 0x000000008cd00000, 0x000000008cd00000|100%| E|CS|TAMS 0x000000008cc00000| PB 0x000000008cc00000| Complete 
| 247|0x000000008f700000, 0x000000008f800000, 0x000000008f800000|100%| E|CS|TAMS 0x000000008f700000| PB 0x000000008f700000| Complete 

Card table byte_map: [0x0000024317170000,0x0000024317570000] _byte_map_base: 0x0000024316d70000

Marking Bits: (CMBitMap*) 0x0000024304898550
 Bits: [0x0000024317570000, 0x0000024319570000)

Polling page: 0x0000024302600000

Metaspace:

Usage:
  Non-class:     36.75 MB used.
      Class:      6.13 MB used.
       Both:     42.87 MB used.

Virtual space:
  Non-class space:       64.00 MB reserved,      37.50 MB ( 59%) committed,  1 nodes.
      Class space:      416.00 MB reserved,       6.81 MB (  2%) committed,  1 nodes.
             Both:      480.00 MB reserved,      44.31 MB (  9%) committed. 

Chunk freelists:
   Non-Class:  9.97 MB
       Class:  9.01 MB
        Both:  18.98 MB

MaxMetaspaceSize: 512.00 MB
CompressedClassSpaceSize: 416.00 MB
Initial GC threshold: 21.00 MB
Current GC threshold: 58.69 MB
CDS: on
 - commit_granule_bytes: 65536.
 - commit_granule_words: 8192.
 - virtual_space_node_default_size: 8388608.
 - enlarge_chunks_in_place: 1.
 - use_allocation_guard: 0.


Internal statistics:

num_allocs_failed_limit: 6.
num_arena_births: 2624.
num_arena_deaths: 0.
num_vsnodes_births: 2.
num_vsnodes_deaths: 0.
num_space_committed: 709.
num_space_uncommitted: 0.
num_chunks_returned_to_freelist: 6.
num_chunks_taken_from_freelist: 4607.
num_chunk_merges: 6.
num_chunk_splits: 3015.
num_chunks_enlarged: 1867.
num_inconsistent_stats: 0.

CodeHeap 'non-profiled nmethods': size=120000Kb used=2957Kb max_used=2957Kb free=117042Kb
 bounds [0x000002430f510000, 0x000002430f800000, 0x0000024316a40000]
CodeHeap 'profiled nmethods': size=120000Kb used=9779Kb max_used=9779Kb free=110220Kb
 bounds [0x0000024307a40000, 0x00000243083d0000, 0x000002430ef70000]
CodeHeap 'non-nmethods': size=5760Kb used=2762Kb max_used=2798Kb free=2998Kb
 bounds [0x000002430ef70000, 0x000002430f240000, 0x000002430f510000]
CodeCache: size=245760Kb, used=15498Kb, max_used=15534Kb, free=230260Kb
 total_blobs=5884, nmethods=5052, adapters=736, full_count=0
Compilation: enabled, stopped_count=0, restarted_count=0

Compilation events (20 events):
Event: 348.644 Thread 0x00000243370483d0 5587       3       java.lang.reflect.Method::hashCode (19 bytes)
Event: 348.645 Thread 0x00000243370483d0 nmethod 5587 0x00000243083ca390 code [0x00000243083ca560, 0x00000243083ca800]
Event: 348.645 Thread 0x00000243370483d0 5588       3       java.util.regex.Pattern$TreeInfo::reset (21 bytes)
Event: 348.645 Thread 0x00000243370483d0 nmethod 5588 0x00000243083ca990 code [0x00000243083cab20, 0x00000243083cac40]
Event: 348.645 Thread 0x00000243370483d0 5589       3       java.beans.FeatureDescriptor::<init> (137 bytes)
Event: 348.647 Thread 0x00000243370483d0 nmethod 5589 0x00000243083cad10 code [0x00000243083cafc0, 0x00000243083cbd98]
Event: 348.647 Thread 0x00000243370483d0 5590       3       java.util.TreeMap::values (25 bytes)
Event: 348.648 Thread 0x00000243370483d0 nmethod 5590 0x00000243083cc110 code [0x00000243083cc2e0, 0x00000243083cc650]
Event: 348.648 Thread 0x00000243370483d0 5591       1       java.lang.NamedPackage::packageName (5 bytes)
Event: 348.648 Thread 0x00000243370483d0 nmethod 5591 0x000002430f7ef090 code [0x000002430f7ef220, 0x000002430f7ef2e8]
Event: 348.662 Thread 0x00000243370483d0 5592       3       org.codehaus.groovy.reflection.CachedField::isStatic (8 bytes)
Event: 348.663 Thread 0x00000243370483d0 nmethod 5592 0x00000243083cc790 code [0x00000243083cc940, 0x00000243083ccb80]
Event: 349.011 Thread 0x0000024337045b20 nmethod 5569 0x000002430f7ef390 code [0x000002430f7ef6c0, 0x000002430f7f1bf8]
Event: 349.011 Thread 0x0000024337045b20 5577       4       java.util.Arrays::hashCode (56 bytes)
Event: 349.243 Thread 0x0000024337045b20 nmethod 5577 0x000002430f7f2b90 code [0x000002430f7f2d20, 0x000002430f7f2ea0]
Event: 349.803 Thread 0x00000243370483d0 5593       1       org.codehaus.groovy.reflection.stdclasses.ObjectCachedClass::isAssignableFrom (2 bytes)
Event: 349.803 Thread 0x00000243370483d0 nmethod 5593 0x000002430f7f2f90 code [0x000002430f7f3120, 0x000002430f7f31e8]
Event: 350.014 Thread 0x0000024337045b20 5594       4       groovy.lang.MetaClassImpl$1MOPIter::methodNameAction (325 bytes)
Event: 350.014 Thread 0x00000243370483d0 5595       1       groovy.lang.MetaClassImpl$MethodIndexAction::skipClass (2 bytes)
Event: 350.014 Thread 0x00000243370483d0 nmethod 5595 0x000002430f7f3290 code [0x000002430f7f3420, 0x000002430f7f34e8]

GC Heap History (18 events):
Event: 1.347 GC heap before
{Heap before GC invocations=0 (full 0):
 garbage-first heap   total 253952K, used 26624K [0x0000000080000000, 0x0000000100000000)
  region size 1024K, 23 young (23552K), 0 survivors (0K)
 Metaspace       used 1100K, committed 1216K, reserved 491520K
  class space    used 80K, committed 128K, reserved 425984K
}
Event: 1.351 GC heap after
{Heap after GC invocations=1 (full 0):
 garbage-first heap   total 253952K, used 10239K [0x0000000080000000, 0x0000000100000000)
  region size 1024K, 3 young (3072K), 3 survivors (3072K)
 Metaspace       used 1100K, committed 1216K, reserved 491520K
  class space    used 80K, committed 128K, reserved 425984K
}
Event: 2.132 GC heap before
{Heap before GC invocations=1 (full 0):
 garbage-first heap   total 253952K, used 40959K [0x0000000080000000, 0x0000000100000000)
  region size 1024K, 33 young (33792K), 3 survivors (3072K)
 Metaspace       used 4262K, committed 4416K, reserved 491520K
  class space    used 545K, committed 640K, reserved 425984K
}
Event: 2.135 GC heap after
{Heap after GC invocations=2 (full 0):
 garbage-first heap   total 253952K, used 11885K [0x0000000080000000, 0x0000000100000000)
  region size 1024K, 2 young (2048K), 2 survivors (2048K)
 Metaspace       used 4262K, committed 4416K, reserved 491520K
  class space    used 545K, committed 640K, reserved 425984K
}
Event: 23.403 GC heap before
{Heap before GC invocations=2 (full 0):
 garbage-first heap   total 253952K, used 103021K [0x0000000080000000, 0x0000000100000000)
  region size 1024K, 89 young (91136K), 2 survivors (2048K)
 Metaspace       used 15065K, committed 15552K, reserved 491520K
  class space    used 2084K, committed 2304K, reserved 425984K
}
Event: 23.420 GC heap after
{Heap after GC invocations=3 (full 0):
 garbage-first heap   total 253952K, used 21945K [0x0000000080000000, 0x0000000100000000)
  region size 1024K, 11 young (11264K), 11 survivors (11264K)
 Metaspace       used 15065K, committed 15552K, reserved 491520K
  class space    used 2084K, committed 2304K, reserved 425984K
}
Event: 38.213 GC heap before
{Heap before GC invocations=3 (full 0):
 garbage-first heap   total 253952K, used 64953K [0x0000000080000000, 0x0000000100000000)
  region size 1024K, 54 young (55296K), 11 survivors (11264K)
 Metaspace       used 20795K, committed 21504K, reserved 491520K
  class space    used 3050K, committed 3392K, reserved 425984K
}
Event: 38.227 GC heap after
{Heap after GC invocations=4 (full 0):
 garbage-first heap   total 253952K, used 25384K [0x0000000080000000, 0x0000000100000000)
  region size 1024K, 13 young (13312K), 13 survivors (13312K)
 Metaspace       used 20795K, committed 21504K, reserved 491520K
  class space    used 3050K, committed 3392K, reserved 425984K
}
Event: 45.345 GC heap before
{Heap before GC invocations=5 (full 0):
 garbage-first heap   total 89088K, used 65320K [0x0000000080000000, 0x0000000100000000)
  region size 1024K, 52 young (53248K), 13 survivors (13312K)
 Metaspace       used 25785K, committed 26688K, reserved 491520K
  class space    used 3896K, committed 4352K, reserved 425984K
}
Event: 45.356 GC heap after
{Heap after GC invocations=6 (full 0):
 garbage-first heap   total 89088K, used 27446K [0x0000000080000000, 0x0000000100000000)
  region size 1024K, 6 young (6144K), 6 survivors (6144K)
 Metaspace       used 25785K, committed 26688K, reserved 491520K
  class space    used 3896K, committed 4352K, reserved 425984K
}
Event: 141.500 GC heap before
{Heap before GC invocations=6 (full 0):
 garbage-first heap   total 89088K, used 72502K [0x0000000080000000, 0x0000000100000000)
  region size 1024K, 51 young (52224K), 6 survivors (6144K)
 Metaspace       used 30892K, committed 32192K, reserved 491520K
  class space    used 4728K, committed 5376K, reserved 425984K
}
Event: 141.588 GC heap after
{Heap after GC invocations=7 (full 0):
 garbage-first heap   total 89088K, used 29342K [0x0000000080000000, 0x0000000100000000)
  region size 1024K, 5 young (5120K), 5 survivors (5120K)
 Metaspace       used 30892K, committed 32192K, reserved 491520K
  class space    used 4728K, committed 5376K, reserved 425984K
}
Event: 155.469 GC heap before
{Heap before GC invocations=7 (full 0):
 garbage-first heap   total 89088K, used 44702K [0x0000000080000000, 0x0000000100000000)
  region size 1024K, 21 young (21504K), 5 survivors (5120K)
 Metaspace       used 34718K, committed 35968K, reserved 491520K
  class space    used 5126K, committed 5760K, reserved 425984K
}
Event: 155.488 GC heap after
{Heap after GC invocations=8 (full 0):
 garbage-first heap   total 89088K, used 31852K [0x0000000080000000, 0x0000000100000000)
  region size 1024K, 5 young (5120K), 5 survivors (5120K)
 Metaspace       used 34718K, committed 35968K, reserved 491520K
  class space    used 5126K, committed 5760K, reserved 425984K
}
Event: 177.579 GC heap before
{Heap before GC invocations=9 (full 0):
 garbage-first heap   total 89088K, used 81004K [0x0000000080000000, 0x0000000100000000)
  region size 1024K, 49 young (50176K), 5 survivors (5120K)
 Metaspace       used 38389K, committed 39744K, reserved 491520K
  class space    used 5541K, committed 6208K, reserved 425984K
}
Event: 177.605 GC heap after
{Heap after GC invocations=10 (full 0):
 garbage-first heap   total 92160K, used 35826K [0x0000000080000000, 0x0000000100000000)
  region size 1024K, 7 young (7168K), 7 survivors (7168K)
 Metaspace       used 38389K, committed 39744K, reserved 491520K
  class space    used 5541K, committed 6208K, reserved 425984K
}
Event: 340.042 GC heap before
{Heap before GC invocations=10 (full 0):
 garbage-first heap   total 92160K, used 80882K [0x0000000080000000, 0x0000000100000000)
  region size 1024K, 50 young (51200K), 7 survivors (7168K)
 Metaspace       used 42586K, committed 44032K, reserved 491520K
  class space    used 6072K, committed 6784K, reserved 425984K
}
Event: 340.101 GC heap after
{Heap after GC invocations=11 (full 0):
 garbage-first heap   total 92160K, used 36944K [0x0000000080000000, 0x0000000100000000)
  region size 1024K, 3 young (3072K), 3 survivors (3072K)
 Metaspace       used 42586K, committed 44032K, reserved 491520K
  class space    used 6072K, committed 6784K, reserved 425984K
}

Dll operation events (20 events):
Event: 0.183 Attempting to load shared library C:\Users\Fintern\.vscode\extensions\redhat.java-1.56.0-win32-x64\jre\21.0.12.1-win32-x86_64\bin\nio.dll
Event: 0.183 Loaded shared library C:\Users\Fintern\.vscode\extensions\redhat.java-1.56.0-win32-x64\jre\21.0.12.1-win32-x86_64\bin\nio.dll
Event: 0.186 Attempting to load shared library C:\Users\Fintern\.vscode\extensions\redhat.java-1.56.0-win32-x64\jre\21.0.12.1-win32-x86_64\bin\zip.dll
Event: 0.186 Loaded shared library C:\Users\Fintern\.vscode\extensions\redhat.java-1.56.0-win32-x64\jre\21.0.12.1-win32-x86_64\bin\zip.dll
Event: 0.615 Attempting to load shared library C:\Users\Fintern\.vscode\extensions\redhat.java-1.56.0-win32-x64\jre\21.0.12.1-win32-x86_64\bin\jimage.dll
Event: 0.615 Loaded shared library C:\Users\Fintern\.vscode\extensions\redhat.java-1.56.0-win32-x64\jre\21.0.12.1-win32-x86_64\bin\jimage.dll
Event: 1.373 Attempting to load shared library C:\Users\Fintern\.vscode\extensions\redhat.java-1.56.0-win32-x64\jre\21.0.12.1-win32-x86_64\bin\verify.dll
Event: 1.373 Loaded shared library C:\Users\Fintern\.vscode\extensions\redhat.java-1.56.0-win32-x64\jre\21.0.12.1-win32-x86_64\bin\verify.dll
Event: 1.483 Attempting to load shared library C:\Users\Fintern\.gradle\native\c067742578af261105cb4f569cf0c3c89f3d7b1fecec35dd04571415982c5e48\windows-amd64\native-platform.dll
Event: 1.517 Loaded shared library C:\Users\Fintern\.gradle\native\c067742578af261105cb4f569cf0c3c89f3d7b1fecec35dd04571415982c5e48\windows-amd64\native-platform.dll
Event: 1.523 Attempting to load shared library C:\Users\Fintern\.gradle\native\100fb08df4bc3b14c8652ba06237920a3bd2aa13389f12d3474272988ae205f9\windows-amd64\native-platform-file-events.dll
Event: 1.556 Loaded shared library C:\Users\Fintern\.gradle\native\100fb08df4bc3b14c8652ba06237920a3bd2aa13389f12d3474272988ae205f9\windows-amd64\native-platform-file-events.dll
Event: 3.893 Attempting to load shared library C:\Users\Fintern\.vscode\extensions\redhat.java-1.56.0-win32-x64\jre\21.0.12.1-win32-x86_64\bin\management.dll
Event: 3.900 Loaded shared library C:\Users\Fintern\.vscode\extensions\redhat.java-1.56.0-win32-x64\jre\21.0.12.1-win32-x86_64\bin\management.dll
Event: 3.923 Attempting to load shared library C:\Users\Fintern\.vscode\extensions\redhat.java-1.56.0-win32-x64\jre\21.0.12.1-win32-x86_64\bin\management_ext.dll
Event: 3.925 Loaded shared library C:\Users\Fintern\.vscode\extensions\redhat.java-1.56.0-win32-x64\jre\21.0.12.1-win32-x86_64\bin\management_ext.dll
Event: 5.381 Attempting to load shared library C:\Users\Fintern\.vscode\extensions\redhat.java-1.56.0-win32-x64\jre\21.0.12.1-win32-x86_64\bin\extnet.dll
Event: 5.387 Loaded shared library C:\Users\Fintern\.vscode\extensions\redhat.java-1.56.0-win32-x64\jre\21.0.12.1-win32-x86_64\bin\extnet.dll
Event: 9.773 Attempting to load shared library C:\Users\Fintern\.vscode\extensions\redhat.java-1.56.0-win32-x64\jre\21.0.12.1-win32-x86_64\bin\sunmscapi.dll
Event: 9.779 Loaded shared library C:\Users\Fintern\.vscode\extensions\redhat.java-1.56.0-win32-x64\jre\21.0.12.1-win32-x86_64\bin\sunmscapi.dll

Deoptimization events (20 events):
Event: 339.741 Thread 0x000002433c438260 DEOPT PACKING pc=0x000002430f6ec450 sp=0x000000d2f8bf7e60
Event: 339.743 Thread 0x000002433c438260 DEOPT UNPACKING pc=0x000002430efc7ba2 sp=0x000000d2f8bf7da8 mode 2
Event: 340.987 Thread 0x000002433c438260 Uncommon trap: trap_request=0xffffffde fr.pc=0x000002430f65a940 relative=0x0000000000000280
Event: 340.988 Thread 0x000002433c438260 Uncommon trap: reason=class_check action=maybe_recompile pc=0x000002430f65a940 method=java.util.stream.StreamOpFlag.fromCharacteristics(Ljava/util/Spliterator;)I @ 14 c2
Event: 340.988 Thread 0x000002433c438260 DEOPT PACKING pc=0x000002430f65a940 sp=0x000000d2f8bf8030
Event: 340.988 Thread 0x000002433c438260 DEOPT UNPACKING pc=0x000002430efc7ba2 sp=0x000000d2f8bf7f18 mode 2
Event: 343.176 Thread 0x000002433c438260 DEOPT PACKING pc=0x0000024307eab6b9 sp=0x000000d2f8bf76c0
Event: 343.176 Thread 0x000002433c438260 DEOPT UNPACKING pc=0x000002430efc86e2 sp=0x000000d2f8bf6bc0 mode 0
Event: 343.481 Thread 0x000002433c438260 DEOPT PACKING pc=0x00000243082ef1e1 sp=0x000000d2f8bf79b0
Event: 343.481 Thread 0x000002433c438260 DEOPT UNPACKING pc=0x000002430efc86e2 sp=0x000000d2f8bf6ea0 mode 0
Event: 343.481 Thread 0x000002433c438260 DEOPT PACKING pc=0x0000024307d62086 sp=0x000000d2f8bf79c0
Event: 343.481 Thread 0x000002433c438260 DEOPT UNPACKING pc=0x000002430efc86e2 sp=0x000000d2f8bf6ea8 mode 0
Event: 343.542 Thread 0x000002433c438260 Uncommon trap: trap_request=0xffffff45 fr.pc=0x000002430f5d5dfc relative=0x000000000000069c
Event: 343.542 Thread 0x000002433c438260 Uncommon trap: reason=unstable_if action=reinterpret pc=0x000002430f5d5dfc method=java.lang.String.replace(CC)Ljava/lang/String; @ 2 c2
Event: 343.542 Thread 0x000002433c438260 DEOPT PACKING pc=0x000002430f5d5dfc sp=0x000000d2f8bf7ab0
Event: 343.542 Thread 0x000002433c438260 DEOPT UNPACKING pc=0x000002430efc7ba2 sp=0x000000d2f8bf7a70 mode 2
Event: 347.941 Thread 0x000002433c438260 Uncommon trap: trap_request=0xffffff45 fr.pc=0x000002430f628118 relative=0x0000000000000258
Event: 347.941 Thread 0x000002433c438260 Uncommon trap: reason=unstable_if action=reinterpret pc=0x000002430f628118 method=org.objectweb.asm.Frame.push(I)V @ 26 c2
Event: 347.941 Thread 0x000002433c438260 DEOPT PACKING pc=0x000002430f628118 sp=0x000000d2f8bf6c60
Event: 347.941 Thread 0x000002433c438260 DEOPT UNPACKING pc=0x000002430efc7ba2 sp=0x000000d2f8bf6c08 mode 2

Classes loaded (20 events):
Event: 343.329 Loading class java/text/CharacterIterator
Event: 343.330 Loading class java/text/CharacterIterator done
Event: 348.592 Loading class java/util/HashMapBeanInfo
Event: 348.592 Loading class java/util/HashMapBeanInfo done
Event: 348.593 Loading class java/util/HashMapBeanInfo
Event: 348.593 Loading class java/util/HashMapBeanInfo done
Event: 348.594 Loading class java/util/AbstractMapBeanInfo
Event: 348.594 Loading class java/util/AbstractMapBeanInfo done
Event: 348.594 Loading class java/util/AbstractMapBeanInfo
Event: 348.594 Loading class java/util/AbstractMapBeanInfo done
Event: 348.594 Loading class java/util/AbstractMapCustomizer
Event: 348.594 Loading class java/util/AbstractMapCustomizer done
Event: 348.595 Loading class java/util/AbstractMapCustomizer
Event: 348.595 Loading class java/util/AbstractMapCustomizer done
Event: 348.602 Loading class sun/reflect/generics/reflectiveObjects/GenericArrayTypeImpl
Event: 348.625 Loading class sun/reflect/generics/reflectiveObjects/GenericArrayTypeImpl done
Event: 348.636 Loading class java/util/HashMapCustomizer
Event: 348.636 Loading class java/util/HashMapCustomizer done
Event: 348.636 Loading class java/util/HashMapCustomizer
Event: 348.636 Loading class java/util/HashMapCustomizer done

Classes unloaded (0 events):
No events

Classes redefined (0 events):
No events

Internal exceptions (20 events):
Event: 343.887 Thread 0x000002433c438260 Exception <a 'java/lang/ClassNotFoundException'{0x000000008cadfd50}: org/gradle/api/AntBuilderBeanInfo> (0x000000008cadfd50) 
thrown [s\src\hotspot\share\classfile\systemDictionary.cpp, line 313]
Event: 343.909 Thread 0x000002433c438260 Exception <a 'java/lang/ClassNotFoundException'{0x000000008caf1518}: groovy/ant/AntBuilderBeanInfo> (0x000000008caf1518) 
thrown [s\src\hotspot\share\classfile\systemDictionary.cpp, line 313]
Event: 343.929 Thread 0x000002433c438260 Exception <a 'java/lang/ClassNotFoundException'{0x000000008c903920}: groovy/util/BuilderSupportBeanInfo> (0x000000008c903920) 
thrown [s\src\hotspot\share\classfile\systemDictionary.cpp, line 313]
Event: 343.931 Thread 0x000002433c438260 Exception <a 'java/lang/ClassNotFoundException'{0x000000008c9152b0}: groovy/util/BuilderSupportCustomizer> (0x000000008c9152b0) 
thrown [s\src\hotspot\share\classfile\systemDictionary.cpp, line 313]
Event: 343.990 Thread 0x000002433c438260 Exception <a 'java/lang/ClassNotFoundException'{0x000000008c928e30}: groovy/ant/AntBuilderCustomizer> (0x000000008c928e30) 
thrown [s\src\hotspot\share\classfile\systemDictionary.cpp, line 313]
Event: 344.058 Thread 0x000002433c438260 Exception <a 'java/lang/ClassNotFoundException'{0x000000008c93e430}: org/gradle/api/AntBuilderCustomizer> (0x000000008c93e430) 
thrown [s\src\hotspot\share\classfile\systemDictionary.cpp, line 313]
Event: 344.105 Thread 0x000002433c438260 Exception <a 'java/lang/ClassNotFoundException'{0x000000008c95abd0}: org/gradle/api/internal/project/ant/BasicAntBuilderCustomizer> (0x000000008c95abd0) 
thrown [s\src\hotspot\share\classfile\systemDictionary.cpp, line 313]
Event: 344.158 Thread 0x000002433c438260 Exception <a 'java/lang/ClassNotFoundException'{0x000000008c97e700}: org/gradle/api/internal/project/DefaultAntBuilderCustomizer> (0x000000008c97e700) 
thrown [s\src\hotspot\share\classfile\systemDictionary.cpp, line 313]
Event: 345.971 Thread 0x000002433c438260 Exception <a 'java/lang/NoSuchMethodError'{0x000000008c758568}: 'java.lang.Object java.lang.invoke.DirectMethodHandle$Holder.newInvokeSpecial(java.lang.Object, java.lang.Object, java.lang.Object, java.lang.Object, int)'> (0x000000008c758568) 
thrown [s\src\hotspot\share\interpreter\linkResolver.cpp, line 773]
Event: 345.971 Thread 0x000002433c438260 Exception <a 'java/lang/NoSuchMethodError'{0x000000008c75d890}: 'java.lang.Object java.lang.invoke.DirectMethodHandle$Holder.invokeSpecial(java.lang.Object, java.lang.Object, java.lang.Object, java.lang.Object, java.lang.Object, int)'> (0x000000008c75d890) 
thrown [s\src\hotspot\share\interpreter\linkResolver.cpp, line 773]
Event: 345.972 Thread 0x000002433c438260 Exception <a 'java/lang/NoSuchMethodError'{0x000000008c7622c0}: 'java.lang.Object java.lang.invoke.Invokers$Holder.linkToTargetMethod(java.lang.Object, java.lang.Object, java.lang.Object, int, java.lang.Object)'> (0x000000008c7622c0) 
thrown [s\src\hotspot\share\interpreter\linkResolver.cpp, line 773]
Event: 347.277 Thread 0x000002433c438260 Exception <a 'java/lang/NoSuchMethodError'{0x000000008c582098}: 'java.lang.Object java.lang.invoke.DirectMethodHandle$Holder.invokeVirtual(java.lang.Object, java.lang.Object, java.lang.Object, java.lang.Object, java.lang.Object, java.lang.Object, java.lang.Object, java.lang.Object, java.lang.Object, java.lang.Object, java.lang.Object, java.lang.Object, java.lang.Object, java.lang.Object, java.lang.Object)'> (0x000000008c582098) 
thrown [s\src\hotspot\share\interpreter\linkResolver.cpp, line 773]
Event: 347.278 Thread 0x000002433c438260 Exception <a 'java/lang/NoSuchMethodError'{0x000000008c587f78}: 'java.lang.Object java.lang.invoke.DirectMethodHandle$Holder.invokeSpecial(java.lang.Object, java.lang.Object, java.lang.Object, java.lang.Object, java.lang.Object, java.lang.Object, java.lang.Object, java.lang.Object, java.lang.Object, java.lang.Object, java.lang.Object, java.lang.Object, java.lang.Object, java.lang.Object, java.lang.Object, java.lang.Object)'> (0x000000008c587f78) 
thrown [s\src\hotspot\share\interpreter\linkResolver.cpp, li
Event: 347.278 Thread 0x000002433c438260 Exception <a 'java/lang/NoSuchMethodError'{0x000000008c58d4a8}: 'java.lang.Object java.lang.invoke.DelegatingMethodHandle$Holder.reinvoke_L(java.lang.Object, java.lang.Object, java.lang.Object, java.lang.Object, java.lang.Object, java.lang.Object, java.lang.Object, java.lang.Object, java.lang.Object, java.lang.Object, java.lang.Object, java.lang.Object, java.lang.Object, java.lang.Object, java.lang.Object)'> (0x000000008c58d4a8) 
thrown [s\src\hotspot\share\interpreter\linkResolver.cpp, line 773]
Event: 348.593 Thread 0x000002433c438260 Exception <a 'java/lang/ClassNotFoundException'{0x000000008c3a9650}: java/util/HashMapBeanInfo> (0x000000008c3a9650) 
thrown [s\src\hotspot\share\classfile\systemDictionary.cpp, line 313]
Event: 348.594 Thread 0x000002433c438260 Exception <a 'java/lang/ClassNotFoundException'{0x000000008c3ae598}: java/util/AbstractMapBeanInfo> (0x000000008c3ae598) 
thrown [s\src\hotspot\share\classfile\systemDictionary.cpp, line 313]
Event: 348.595 Thread 0x000002433c438260 Exception <a 'java/lang/ClassNotFoundException'{0x000000008c3b34c8}: java/util/AbstractMapCustomizer> (0x000000008c3b34c8) 
thrown [s\src\hotspot\share\classfile\systemDictionary.cpp, line 313]
Event: 348.636 Thread 0x000002433c438260 Exception <a 'java/lang/ClassNotFoundException'{0x000000008c3ea000}: java/util/HashMapCustomizer> (0x000000008c3ea000) 
thrown [s\src\hotspot\share\classfile\systemDictionary.cpp, line 313]
Event: 350.016 Thread 0x000002433c438260 Exception <a 'java/lang/ClassNotFoundException'{0x000000008c26f028}: groovy/lang/ReferenceBeanInfo> (0x000000008c26f028) 
thrown [s\src\hotspot\share\classfile\systemDictionary.cpp, line 313]
Event: 350.018 Thread 0x000002433c438260 Exception <a 'java/lang/ClassNotFoundException'{0x000000008c27db98}: groovy/lang/ReferenceCustomizer> (0x000000008c27db98) 
thrown [s\src\hotspot\share\classfile\systemDictionary.cpp, line 313]

ZGC Phase Switch (0 events):
No events

VM Operations (20 events):
Event: 340.042 Executing safepoint VM operation: G1CollectForAllocation (G1 Evacuation Pause)
Event: 340.101 Executing safepoint VM operation: G1CollectForAllocation (G1 Evacuation Pause) done
Event: 341.105 Executing safepoint VM operation: Cleanup
Event: 341.120 Executing safepoint VM operation: Cleanup done
Event: 343.127 Executing safepoint VM operation: Cleanup
Event: 343.173 Executing safepoint VM operation: Cleanup done
Event: 344.180 Executing safepoint VM operation: Cleanup
Event: 344.180 Executing safepoint VM operation: Cleanup done
Event: 345.186 Executing safepoint VM operation: Cleanup
Event: 345.233 Executing safepoint VM operation: Cleanup done
Event: 346.239 Executing safepoint VM operation: Cleanup
Event: 346.286 Executing safepoint VM operation: Cleanup done
Event: 347.291 Executing safepoint VM operation: Cleanup
Event: 347.307 Executing safepoint VM operation: Cleanup done
Event: 348.310 Executing safepoint VM operation: Cleanup
Event: 348.325 Executing safepoint VM operation: Cleanup done
Event: 349.334 Executing safepoint VM operation: Cleanup
Event: 349.725 Executing safepoint VM operation: Cleanup done
Event: 349.725 Executing non-safepoint VM operation: HandshakeAllThreads (Deoptimize)
Event: 349.725 Executing non-safepoint VM operation: HandshakeAllThreads (Deoptimize) done

Memory protections (0 events):
No events

Nmethod flushes (20 events):
Event: 155.567 Thread 0x00000243370121f0 flushing  nmethod 0x0000024307b96d90
Event: 155.567 Thread 0x00000243370121f0 flushing  nmethod 0x0000024307b97390
Event: 155.567 Thread 0x00000243370121f0 flushing  nmethod 0x0000024307b99210
Event: 155.567 Thread 0x00000243370121f0 flushing  nmethod 0x0000024307b99f10
Event: 155.567 Thread 0x00000243370121f0 flushing  nmethod 0x0000024307b9e610
Event: 155.567 Thread 0x00000243370121f0 flushing  nmethod 0x0000024307ba1890
Event: 155.567 Thread 0x00000243370121f0 flushing  nmethod 0x0000024307ba1f10
Event: 155.567 Thread 0x00000243370121f0 flushing  nmethod 0x0000024307bac910
Event: 155.567 Thread 0x00000243370121f0 flushing  nmethod 0x0000024307bad310
Event: 155.567 Thread 0x00000243370121f0 flushing  nmethod 0x0000024307badc10
Event: 155.567 Thread 0x00000243370121f0 flushing  nmethod 0x0000024307baec90
Event: 155.567 Thread 0x00000243370121f0 flushing  nmethod 0x0000024307bb6090
Event: 155.567 Thread 0x00000243370121f0 flushing  nmethod 0x0000024307bb6990
Event: 155.567 Thread 0x00000243370121f0 flushing  nmethod 0x0000024307bb6e10
Event: 155.567 Thread 0x00000243370121f0 flushing  nmethod 0x0000024307e88790
Event: 155.567 Thread 0x00000243370121f0 flushing  nmethod 0x0000024307e8ab90
Event: 155.567 Thread 0x00000243370121f0 flushing  nmethod 0x0000024307e8ba10
Event: 155.567 Thread 0x00000243370121f0 flushing  nmethod 0x0000024307e8c410
Event: 155.567 Thread 0x00000243370121f0 flushing  nmethod 0x0000024307eb8310
Event: 155.567 Thread 0x00000243370121f0 flushing  nmethod 0x0000024307f0f390

Events (20 events):
Event: 11.461 Thread 0x000002433c438260 Thread added: 0x000002433c438f80
Event: 15.654 Thread 0x000002433c438260 Thread added: 0x000002433c436eb0
Event: 15.796 Thread 0x000002433c438260 Thread added: 0x000002433c43ca90
Event: 18.295 Thread 0x000002433c43ca90 Thread added: 0x000002433c43b050
Event: 23.432 Thread 0x000002433c438260 Thread added: 0x000002433c43d120
Event: 26.072 Thread 0x00000243370483d0 Thread added: 0x000002433e8e9920
Event: 27.473 Thread 0x000002433e8e9920 Thread exited: 0x000002433e8e9920
Event: 38.343 Thread 0x000002433c438260 Thread added: 0x000002433c43e4d0
Event: 38.472 Thread 0x000002433c438260 Thread added: 0x000002433c43d7b0
Event: 42.086 Thread 0x000002433c438260 Thread added: 0x000002433c43c400
Event: 42.089 Thread 0x000002433c438260 Thread added: 0x000002433c43b6e0
Event: 43.738 Thread 0x000002433c438260 Thread added: 0x000002433c43bd70
Event: 44.225 Thread 0x000002433c438260 Thread added: 0x000002433c43de40
Event: 45.510 Thread 0x000002433c438260 Thread added: 0x000002433e659b20
Event: 46.235 Thread 0x000002433c438260 Thread added: 0x000002433e65a1b0
Event: 84.543 Thread 0x000002433c438260 Thread added: 0x000002433e658e00
Event: 135.633 Thread 0x000002433c438260 Thread added: 0x000002433e65aed0
Event: 309.947 Thread 0x000002433c43b050 Thread exited: 0x000002433c43b050
Event: 323.035 Thread 0x000002433c43ca90 Thread added: 0x000002433e65bbf0
Event: 323.599 Thread 0x000002433c438260 Thread added: 0x000002433e65c280


Dynamic libraries:
0x00007ff627960000 - 0x00007ff62796e000 	C:\Users\Fintern\.vscode\extensions\redhat.java-1.56.0-win32-x64\jre\21.0.12.1-win32-x86_64\bin\java.exe
0x00007fff346e0000 - 0x00007fff34947000 	C:\WINDOWS\SYSTEM32\ntdll.dll
0x00007fff32e80000 - 0x00007fff32f4b000 	C:\WINDOWS\System32\KERNEL32.DLL
0x00007fff31ec0000 - 0x00007fff322c2000 	C:\WINDOWS\System32\KERNELBASE.dll
0x00007fff31ca0000 - 0x00007fff31dec000 	C:\WINDOWS\System32\ucrtbase.dll
0x00007fff27080000 - 0x00007fff27098000 	C:\Users\Fintern\.vscode\extensions\redhat.java-1.56.0-win32-x64\jre\21.0.12.1-win32-x86_64\bin\jli.dll
0x00007fff331b0000 - 0x00007fff3337f000 	C:\WINDOWS\System32\USER32.dll
0x00007fff318e0000 - 0x00007fff31907000 	C:\WINDOWS\System32\win32u.dll
0x00007fff34400000 - 0x00007fff3442b000 	C:\WINDOWS\System32\GDI32.dll
0x00007fff322d0000 - 0x00007fff323f9000 	C:\WINDOWS\System32\gdi32full.dll
0x00007fff31b30000 - 0x00007fff31bd3000 	C:\WINDOWS\System32\msvcp_win.dll
0x00007fff296d0000 - 0x00007fff296ee000 	C:\Users\Fintern\.vscode\extensions\redhat.java-1.56.0-win32-x64\jre\21.0.12.1-win32-x86_64\bin\VCRUNTIME140.dll
0x00007fff18e40000 - 0x00007fff190d0000 	C:\WINDOWS\WinSxS\amd64_microsoft.windows.common-controls_6595b64144ccf1df_6.0.26100.9278_none_3e0d1ba8e3303201\COMCTL32.dll
0x00007fff33ec0000 - 0x00007fff33f69000 	C:\WINDOWS\System32\msvcrt.dll
0x00007fff32400000 - 0x00007fff32431000 	C:\WINDOWS\System32\IMM32.DLL
0x00007fff29a50000 - 0x00007fff29a5c000 	C:\Users\Fintern\.vscode\extensions\redhat.java-1.56.0-win32-x64\jre\21.0.12.1-win32-x86_64\bin\vcruntime140_1.dll
0x00007ffefb730000 - 0x00007ffefb7bd000 	C:\Users\Fintern\.vscode\extensions\redhat.java-1.56.0-win32-x64\jre\21.0.12.1-win32-x86_64\bin\msvcp140.dll
0x00007ffecc1d0000 - 0x00007ffeccf72000 	C:\Users\Fintern\.vscode\extensions\redhat.java-1.56.0-win32-x64\jre\21.0.12.1-win32-x86_64\bin\server\jvm.dll
0x00007fff32fc0000 - 0x00007fff3307c000 	C:\WINDOWS\System32\ADVAPI32.dll
0x00007fff33c60000 - 0x00007fff33d09000 	C:\WINDOWS\System32\sechost.dll
0x00007fff33d10000 - 0x00007fff33e28000 	C:\WINDOWS\System32\RPCRT4.dll
0x00007fff33e30000 - 0x00007fff33eb0000 	C:\WINDOWS\System32\WS2_32.dll
0x00007fff31740000 - 0x00007fff3179e000 	C:\WINDOWS\SYSTEM32\POWRPROF.dll
0x00007fff274f0000 - 0x00007fff27526000 	C:\WINDOWS\SYSTEM32\WINMM.dll
0x00007fff1f930000 - 0x00007fff1f93b000 	C:\WINDOWS\SYSTEM32\VERSION.dll
0x00007fff31720000 - 0x00007fff31735000 	C:\WINDOWS\SYSTEM32\UMPDC.dll
0x00007fff30440000 - 0x00007fff3045b000 	C:\WINDOWS\SYSTEM32\kernel.appcore.dll
0x00007fff29800000 - 0x00007fff2980a000 	C:\Users\Fintern\.vscode\extensions\redhat.java-1.56.0-win32-x64\jre\21.0.12.1-win32-x86_64\bin\jimage.dll
0x00007fff2eac0000 - 0x00007fff2ed0c000 	C:\WINDOWS\SYSTEM32\DBGHELP.DLL
0x00007fff33390000 - 0x00007fff33715000 	C:\WINDOWS\System32\combase.dll
0x00007fff33980000 - 0x00007fff33a59000 	C:\WINDOWS\System32\OLEAUT32.dll
0x00007fff15170000 - 0x00007fff151ab000 	C:\WINDOWS\SYSTEM32\dbgcore.DLL
0x00007fff31e00000 - 0x00007fff31eac000 	C:\WINDOWS\System32\bcryptPrimitives.dll
0x00007fff1cce0000 - 0x00007fff1ccef000 	C:\Users\Fintern\.vscode\extensions\redhat.java-1.56.0-win32-x64\jre\21.0.12.1-win32-x86_64\bin\instrument.dll
0x00007fff1c9d0000 - 0x00007fff1c9f0000 	C:\Users\Fintern\.vscode\extensions\redhat.java-1.56.0-win32-x64\jre\21.0.12.1-win32-x86_64\bin\java.dll
0x00007fff32440000 - 0x00007fff32bd8000 	C:\WINDOWS\System32\SHELL32.dll
0x00007fff2efb0000 - 0x00007fff2f85e000 	C:\WINDOWS\SYSTEM32\windows.storage.dll
0x00007fff345a0000 - 0x00007fff3469b000 	C:\WINDOWS\System32\SHCORE.dll
0x00007fff32f50000 - 0x00007fff32fb6000 	C:\WINDOWS\System32\shlwapi.dll
0x00007fff31800000 - 0x00007fff31829000 	C:\WINDOWS\SYSTEM32\profapi.dll
0x00007fff19510000 - 0x00007fff19528000 	C:\Users\Fintern\.vscode\extensions\redhat.java-1.56.0-win32-x64\jre\21.0.12.1-win32-x86_64\bin\zip.dll
0x00007fff297c0000 - 0x00007fff297d0000 	C:\Users\Fintern\.vscode\extensions\redhat.java-1.56.0-win32-x64\jre\21.0.12.1-win32-x86_64\bin\net.dll
0x00007fff30460000 - 0x00007fff3058a000 	C:\WINDOWS\SYSTEM32\WINHTTP.dll
0x00007fff30b10000 - 0x00007fff30b7c000 	C:\WINDOWS\system32\mswsock.dll
0x00007fff0ed00000 - 0x00007fff0ed16000 	C:\Users\Fintern\.vscode\extensions\redhat.java-1.56.0-win32-x64\jre\21.0.12.1-win32-x86_64\bin\nio.dll
0x00007fff1cbe0000 - 0x00007fff1cbf0000 	C:\Users\Fintern\.vscode\extensions\redhat.java-1.56.0-win32-x64\jre\21.0.12.1-win32-x86_64\bin\verify.dll
0x00007ffeeae80000 - 0x00007ffeeaea7000 	C:\Users\Fintern\.gradle\native\c067742578af261105cb4f569cf0c3c89f3d7b1fecec35dd04571415982c5e48\windows-amd64\native-platform.dll
0x00007ffed6850000 - 0x00007ffed6994000 	C:\Users\Fintern\.gradle\native\100fb08df4bc3b14c8652ba06237920a3bd2aa13389f12d3474272988ae205f9\windows-amd64\native-platform-file-events.dll
0x00007fff1cbc0000 - 0x00007fff1cbca000 	C:\Users\Fintern\.vscode\extensions\redhat.java-1.56.0-win32-x64\jre\21.0.12.1-win32-x86_64\bin\management.dll
0x00007fff194a0000 - 0x00007fff194ac000 	C:\Users\Fintern\.vscode\extensions\redhat.java-1.56.0-win32-x64\jre\21.0.12.1-win32-x86_64\bin\management_ext.dll
0x00007fff34460000 - 0x00007fff34468000 	C:\WINDOWS\System32\PSAPI.DLL
0x00007fff30f30000 - 0x00007fff30f4b000 	C:\WINDOWS\SYSTEM32\CRYPTSP.dll
0x00007fff303a0000 - 0x00007fff303d9000 	C:\WINDOWS\system32\rsaenh.dll
0x00007fff30bc0000 - 0x00007fff30bf4000 	C:\WINDOWS\SYSTEM32\USERENV.dll
0x00007fff317d0000 - 0x00007fff317fa000 	C:\WINDOWS\SYSTEM32\bcrypt.dll
0x00007fff30d70000 - 0x00007fff30d7c000 	C:\WINDOWS\SYSTEM32\CRYPTBASE.dll
0x00007fff2fbb0000 - 0x00007fff2fbe3000 	C:\WINDOWS\SYSTEM32\IPHLPAPI.DLL
0x00007fff33a60000 - 0x00007fff33a6a000 	C:\WINDOWS\System32\NSI.dll
0x00007fff0e480000 - 0x00007fff0e489000 	C:\Users\Fintern\.vscode\extensions\redhat.java-1.56.0-win32-x64\jre\21.0.12.1-win32-x86_64\bin\extnet.dll
0x00007fff0e470000 - 0x00007fff0e47e000 	C:\Users\Fintern\.vscode\extensions\redhat.java-1.56.0-win32-x64\jre\21.0.12.1-win32-x86_64\bin\sunmscapi.dll
0x00007fff319a0000 - 0x00007fff31b1e000 	C:\WINDOWS\System32\CRYPT32.dll
0x00007fff310a0000 - 0x00007fff310d0000 	C:\WINDOWS\SYSTEM32\ncrypt.dll
0x00007fff31050000 - 0x00007fff3108f000 	C:\WINDOWS\SYSTEM32\NTASN1.dll
0x00007fff299c0000 - 0x00007fff299c8000 	C:\WINDOWS\system32\wshunix.dll

JVMTI agents:
C:\Users\Fintern\.gradle\wrapper\dists\gradle-8.9-bin\90cnw93cvbtalezasaz0blq0a\gradle-8.9\lib\agents\gradle-instrumentation-agent-8.9.jar path:C:\Users\Fintern\.vscode\extensions\redhat.java-1.56.0-win32-x64\jre\21.0.12.1-win32-x86_64\bin\instrument.dll, loaded, initialized, instrumentlib options:none

dbghelp: loaded successfully - version: 4.0.5 - missing functions: none
symbol engine: initialized successfully - sym options: 0x614 - pdb path: .;C:\Users\Fintern\.vscode\extensions\redhat.java-1.56.0-win32-x64\jre\21.0.12.1-win32-x86_64\bin;C:\WINDOWS\SYSTEM32;C:\WINDOWS\WinSxS\amd64_microsoft.windows.common-controls_6595b64144ccf1df_6.0.26100.9278_none_3e0d1ba8e3303201;C:\Users\Fintern\.vscode\extensions\redhat.java-1.56.0-win32-x64\jre\21.0.12.1-win32-x86_64\bin\server;C:\Users\Fintern\.gradle\native\c067742578af261105cb4f569cf0c3c89f3d7b1fecec35dd04571415982c5e48\windows-amd64;C:\Users\Fintern\.gradle\native\100fb08df4bc3b14c8652ba06237920a3bd2aa13389f12d3474272988ae205f9\windows-amd64

VM Arguments:
jvm_args: -XX:MaxMetaspaceSize=512m -XX:+HeapDumpOnOutOfMemoryError --add-opens=java.base/java.util=ALL-UNNAMED --add-opens=java.base/java.lang=ALL-UNNAMED --add-opens=java.base/java.lang.invoke=ALL-UNNAMED --add-opens=java.prefs/java.util.prefs=ALL-UNNAMED --add-exports=jdk.compiler/com.sun.tools.javac.api=ALL-UNNAMED --add-exports=jdk.compiler/com.sun.tools.javac.util=ALL-UNNAMED --add-opens=java.base/java.nio.charset=ALL-UNNAMED --add-opens=java.base/java.net=ALL-UNNAMED --add-opens=java.base/java.util.concurrent.atomic=ALL-UNNAMED -Xmx2048m -Dfile.encoding=UTF-8 -Duser.country=IN -Duser.language=en -Duser.variant -javaagent:C:\Users\Fintern\.gradle\wrapper\dists\gradle-8.9-bin\90cnw93cvbtalezasaz0blq0a\gradle-8.9\lib\agents\gradle-instrumentation-agent-8.9.jar 
java_command: org.gradle.launcher.daemon.bootstrap.GradleDaemon 8.9
java_class_path (initial): C:\Users\Fintern\.gradle\wrapper\dists\gradle-8.9-bin\90cnw93cvbtalezasaz0blq0a\gradle-8.9\lib\gradle-daemon-main-8.9.jar
Launcher Type: SUN_STANDARD

[Global flags]
     intx CICompilerCount                          = 4                                         {product} {ergonomic}
   size_t CompressedClassSpaceSize                 = 436207616                                 {product} {ergonomic}
     uint ConcGCThreads                            = 2                                         {product} {ergonomic}
     uint G1ConcRefinementThreads                  = 8                                         {product} {ergonomic}
   size_t G1HeapRegionSize                         = 1048576                                   {product} {ergonomic}
    uintx GCDrainStackTargetSize                   = 64                                        {product} {ergonomic}
     bool HeapDumpOnOutOfMemoryError               = true                                   {manageable} {command line}
   size_t InitialHeapSize                          = 260046848                                 {product} {ergonomic}
   size_t MarkStackSize                            = 4194304                                   {product} {ergonomic}
   size_t MaxHeapSize                              = 2147483648                                {product} {command line}
   size_t MaxMetaspaceSize                         = 536870912                                 {product} {command line}
   size_t MaxNewSize                               = 1287651328                                {product} {ergonomic}
   size_t MinHeapDeltaBytes                        = 1048576                                   {product} {ergonomic}
   size_t MinHeapSize                              = 8388608                                   {product} {ergonomic}
    uintx NonNMethodCodeHeapSize                   = 5839372                                {pd product} {ergonomic}
    uintx NonProfiledCodeHeapSize                  = 122909434                              {pd product} {ergonomic}
    uintx ProfiledCodeHeapSize                     = 122909434                              {pd product} {ergonomic}
    uintx ReservedCodeCacheSize                    = 251658240                              {pd product} {ergonomic}
     bool SegmentedCodeCache                       = true                                      {product} {ergonomic}
   size_t SoftMaxHeapSize                          = 2147483648                             {manageable} {ergonomic}
     bool UseCompressedOops                        = true                           {product lp64_product} {ergonomic}
     bool UseG1GC                                  = true                                      {product} {ergonomic}
     bool UseLargePagesIndividualAllocation        = false                                  {pd product} {ergonomic}

Logging:
Log output configuration:
 #0: stdout all=warning uptime,level,tags foldmultilines=false
 #1: stderr all=off uptime,level,tags foldmultilines=false

Release file:
JAVA_VERSION="21.0.12.1" 
MODULES="java.base java.compiler java.datatransfer java.xml java.prefs java.desktop java.instrument java.logging java.management java.security.sasl java.naming java.rmi java.management.rmi java.net.http java.scripting java.security.jgss java.transaction.xa java.sql java.sql.rowset java.xml.crypto java.se java.smartcardio jdk.accessibility jdk.internal.jvmstat jdk.attach jdk.charsets jdk.internal.opt jdk.zipfs jdk.compiler jdk.crypto.ec jdk.crypto.cryptoki jdk.crypto.mscapi jdk.dynalink jdk.internal.ed jdk.editpad jdk.hotspot.agent jdk.httpserver jdk.internal.le jdk.internal.vm.ci jdk.internal.vm.compiler jdk.internal.vm.compiler.management jdk.jartool jdk.javadoc jdk.jcmd jdk.management jdk.management.agent jdk.jconsole jdk.jdeps jdk.jdwp.agent jdk.jdi jdk.jfr jdk.jshell jdk.jsobject jdk.jstatd jdk.localedata jdk.management.jfr jdk.naming.dns jdk.naming.rmi jdk.net jdk.nio.mapmode jdk.random jdk.sctp jdk.security.auth jdk.security.jgss jdk.unsupported jdk.unsupported.desktop jdk.xml.dom" 

Environment Variables:
JAVA_HOME=C:\Program Files\Java\jdk-17
PATH=C:\Program Files\Eclipse Adoptium\jdk-17.0.18.8-hotspot\bin;C:\Program Files\Common Files\Oracle\Java\javapath;C:\Python313\Scripts\;C:\Python313\;C:\WINDOWS\system32;C:\WINDOWS;C:\WINDOWS\System32\Wbem;C:\WINDOWS\System32\WindowsPowerShell\v1.0\;C:\WINDOWS\System32\OpenSSH\;C:\Program Files\dotnet\;C:\ProgramData\chocolatey\bin;C:\Program Files\Git\cmd;C:\Program Files\Amazon\AWSCLIV2\;C:\Program Files\Java\jdk-17\bin;C:\Program Files\nodejs\;C:\Users\Fintern\AppData\Local\Android\Sdk\platform-tools;C:\Program Files\Docker\Docker\resources\bin;%MAVEN_HOME%\bin;C:\Program Files\apache-maven-3.9.11\bin;C:\Program Files\Java\jdk-17\bin;C:\Program Files\MySQL\MySQL Shell 8.0\bin\;C:\Users\Fintern\AppData\Local\Microsoft\WindowsApps;C:\Users\Fintern\AppData\Local\Programs\Microsoft VS Code\bin;C:\Program Files\JetBrains\IntelliJ IDEA Community Edition 2025.2.1\bin;C:\Users\Fintern\AppData\Roaming\npm;C:\Program Files\mongosh\
USERNAME=Fintern
OS=Windows_NT
PROCESSOR_IDENTIFIER=Intel64 Family 6 Model 140 Stepping 1, GenuineIntel
TMP=C:\Users\Fintern\AppData\Local\Temp
TEMP=C:\Users\Fintern\AppData\Local\Temp




Periodic native trim disabled

---------------  S Y S T E M  ---------------

OS:
 Windows 11 , 64 bit Build 26100 (10.0.26100.9444)
OS uptime: 5 days 17:35 hours
Hyper-V role detected

CPU: total 8 (initial active 8) (4 cores per cpu, 2 threads per core) family 6 model 140 stepping 1 microcode 0xbe, cx8, cmov, fxsr, ht, mmx, 3dnowpref, sse, sse2, sse3, ssse3, sse4.1, sse4.2, popcnt, lzcnt, tsc, tscinvbit, avx, avx2, aes, erms, clmul, bmi1, bmi2, adx, avx512f, avx512dq, avx512cd, avx512bw, avx512vl, sha, fma, vzeroupper, avx512_vpopcntdq, avx512_vpclmulqdq, avx512_vaes, avx512_vnni, clflush, clflushopt, clwb, avx512_vbmi2, avx512_vbmi, hv, rdtscp, rdpid, fsrm, gfni, avx512_bitalg, f16c, cet_ibt, cet_ss, avx512_ifma
Processor Information for the first 8 processors :
  Max Mhz: 1805, Current Mhz: 1805, Mhz Limit: 1805

Memory: 4k page, system-wide physical 15765M (313M free)
TotalPageFile size 46107M (AvailPageFile size 9M)
current process WorkingSet (physical memory assigned to process): 133M, peak: 248M
current process commit charge ("private bytes"): 275M, peak: 433M

vm_info: OpenJDK 64-Bit Server VM (21.0.12.1+1-LTS) for windows-amd64 JRE (21.0.12.1+1-LTS), built on 2026-08-18T00:00:00Z by "admin" with MS VC++ 17.12 (VS2022)

END.
